Archive member included to satisfy reference by file (symbol)

/home/user/Documents/repos/3ds_gl/lib/libGLASSd.a(glass.o)
                              main.o (glassCreateContext)
/home/user/Documents/repos/3ds_gl/lib/libGLASSd.a(gpu.o)
                              /home/user/Documents/repos/3ds_gl/lib/libGLASSd.a(glass.o) (GLASS_gpu_flushAndRunCommands)
/home/user/Documents/repos/3ds_gl/lib/libGLASSd.a(context.o)
                              /home/user/Documents/repos/3ds_gl/lib/libGLASSd.a(glass.o) (GLASS_context_initContext)
/home/user/Documents/repos/3ds_gl/lib/libGLASSd.a(state.o)
                              main.o (glGetError)
/home/user/Documents/repos/3ds_gl/lib/libGLASSd.a(rendering.o)
                              main.o (glClear)
/home/user/Documents/repos/3ds_gl/lib/libGLASSd.a(get.o)
                              /home/user/Documents/repos/3ds_gl/lib/libGLASSd.a(state.o) (GLASS_get_getBools)
/home/user/Documents/repos/3ds_gl/lib/libGLASSd.a(shaders.o)
                              main.o (glAttachShader)
/home/user/Documents/repos/3ds_gl/lib/libGLASSd.a(framebuffer.o)
                              main.o (glBindFramebuffer)
/home/user/Documents/repos/3ds_gl/lib/libGLASSd.a(attribs.o)
                              main.o (glEnableVertexAttribArray)
/home/user/Documents/repos/3ds_gl/lib/libGLASSd.a(types.o)
                              /home/user/Documents/repos/3ds_gl/lib/libGLASSd.a(shaders.o) (GLASS_types_createObject)
/home/user/Documents/repos/3ds_gl/lib/libGLASSd.a(mem.o)
                              /home/user/Documents/repos/3ds_gl/lib/libGLASSd.a(glass.o) (GLASS_mem_setAllocator)
/home/user/Documents/repos/3ds_gl/lib/libGLASSd.a(utility.o)
                              /home/user/Documents/repos/3ds_gl/lib/libGLASSd.a(gpu.o) (GLASS_utility_unreachable)
/opt/devkitpro/libctru/lib/libctru.a(vram.o)
                              /home/user/Documents/repos/3ds_gl/lib/libGLASSd.a(framebuffer.o) (vramAllocAt)
/opt/devkitpro/libctru/lib/libctru.a(linear.o)
                              /home/user/Documents/repos/3ds_gl/lib/libGLASSd.a(gpu.o) (linearAlloc)
/opt/devkitpro/libctru/lib/libctru.a(mem_pool.o)
                              /opt/devkitpro/libctru/lib/libctru.a(vram.o) (MemPool::Allocate(MemChunk&, unsigned long, int))
/opt/devkitpro/libctru/lib/libctru.a(os.o)
                              /home/user/Documents/repos/3ds_gl/lib/libGLASSd.a(gpu.o) (osConvertVirtToPhys)
/opt/devkitpro/libctru/lib/libctru.a(console.o)
                              main.o (consoleInit)
/opt/devkitpro/libctru/lib/libctru.a(gfx.o)
                              /opt/devkitpro/libctru/lib/libctru.a(console.o) (gfxIsWide)
/opt/devkitpro/libctru/lib/libctru.a(gx.o)
                              /home/user/Documents/repos/3ds_gl/lib/libGLASSd.a(context.o) (GX_BindQueue)
/opt/devkitpro/libctru/lib/libctru.a(gxqueue.o)
                              /home/user/Documents/repos/3ds_gl/lib/libGLASSd.a(gpu.o) (gxCmdQueueClear)
/opt/devkitpro/libctru/lib/libctru.a(gpu.o)
                              /home/user/Documents/repos/3ds_gl/lib/libGLASSd.a(gpu.o) (gpuCmdBufOffset)
/opt/devkitpro/libctru/lib/libctru.a(gspgpu.o)
                              /opt/devkitpro/libctru/lib/libctru.a(gfx.o) (gspInit)
/opt/devkitpro/libctru/lib/libctru.a(apt.o)
                              main.o (aptMainLoop)
/opt/devkitpro/libctru/lib/libctru.a(hid.o)
                              main.o (hidScanInput)
/opt/devkitpro/libctru/lib/libctru.a(ptmsysm.o)
                              /opt/devkitpro/libctru/lib/libctru.a(os.o) (ptmSysmInit)
/opt/devkitpro/libctru/lib/libctru.a(rbtree_init.o)
                              /opt/devkitpro/libctru/lib/libctru.a(vram.o) (rbtree_init)
/opt/devkitpro/libctru/lib/libctru.a(rbtree_insert.o)
                              /opt/devkitpro/libctru/lib/libctru.a(vram.o) (rbtree_insert)
/opt/devkitpro/libctru/lib/libctru.a(rbtree_rotate.o)
                              /opt/devkitpro/libctru/lib/libctru.a(rbtree_insert.o) (rbtree_rotate)
/opt/devkitpro/libctru/lib/libctru.a(rbtree_remove.o)
                              /opt/devkitpro/libctru/lib/libctru.a(vram.o) (rbtree_remove)
/opt/devkitpro/libctru/lib/libctru.a(rbtree_find.o)
                              /opt/devkitpro/libctru/lib/libctru.a(vram.o) (rbtree_find)
/opt/devkitpro/libctru/lib/libctru.a(allocateHeaps.o)
                              /opt/devkitpro/libctru/lib/libctru.a(linear.o) (__ctru_linear_heap_size)
/opt/devkitpro/libctru/lib/libctru.a(ctru_init.o)
                              /opt/devkitpro/libctru/lib/libctru.a(apt.o) (__system_retAddr)
/opt/devkitpro/libctru/lib/libctru.a(initArgv.o)
                              /opt/devkitpro/libctru/lib/libctru.a(ctru_init.o) (__system_initArgv)
/opt/devkitpro/libctru/lib/libctru.a(svc.o)
                              /opt/devkitpro/libctru/lib/libctru.a(allocateHeaps.o) (svcControlMemory)
/opt/devkitpro/libctru/lib/libctru.a(stack_adjust.o)
[...]
Memory Configuration

Name             Origin             Length             Attributes
*default*        0x0000000000000000 0xffffffffffffffff

Linker script and memory map

                0x0000000000100000                PROVIDE (__start__ = 0x100000)
                0x0000000000100000                . = __start__

.text           0x0000000000100000    0x26108
 *(.crt0)
 .crt0          0x0000000000100000       0x94 /opt/devkitpro/devkitARM/bin/../lib/gcc/arm-none-eabi/12.1.0/../../../../arm-none-eabi/lib/armv6k/fpu/3dsx_crt0.o
                0x0000000000100000                _start
                0x0000000000100008                __service_ptr
                0x000000000010000c                __apt_appid
                0x0000000000100010                __heap_size
                0x0000000000100014                __linear_heap_size
                0x0000000000100018                __system_arglist
                0x000000000010001c                __system_runflags
 *(.init)
 .init          0x0000000000100094        0xc /opt/devkitpro/devkitARM/bin/../lib/gcc/arm-none-eabi/12.1.0/armv6k/fpu/crti.o
                0x0000000000100094                _init
 .init          0x00000000001000a0        0xc /opt/devkitpro/devkitARM/bin/../lib/gcc/arm-none-eabi/12.1.0/armv6k/fpu/crtn.o
                0x00000000001000ac                . = ALIGN (0x4)
 *(.text)
 .text          0x00000000001000ac      0x240 /opt/devkitpro/devkitARM/bin/../lib/gcc/arm-none-eabi/12.1.0/armv6k/fpu/libgcc.a(_divsi3.o)
                0x00000000001000ac                __aeabi_idiv
                0x00000000001000ac                __divsi3
                0x00000000001002cc                __aeabi_idivmod
 .text          0x00000000001002ec        0x4 /opt/devkitpro/devkitARM/bin/../lib/gcc/arm-none-eabi/12.1.0/armv6k/fpu/libgcc.a(_dvmd_tls.o)
                0x00000000001002ec                __aeabi_ldiv0
                0x00000000001002ec                __aeabi_idiv0
 .text          0x00000000001002f0       0x3c /opt/devkitpro/devkitARM/bin/../lib/gcc/arm-none-eabi/12.1.0/armv6k/fpu/libgcc.a(_aeabi_uldivmod.o)
                0x00000000001002f0                __aeabi_uldivmod
 *fill*         0x000000000010032c       0x14 
 .text          0x0000000000100340      0x390 /opt/devkitpro/devkitARM/bin/../lib/gcc/arm-none-eabi/12.1.0/../../../../arm-none-eabi/lib/armv6k/fpu/libg.a(lib_a-strcmp.o)
                0x0000000000100348                strcmp
 .text          0x00000000001006d0      0x20c /opt/devkitpro/devkitARM/bin/../lib/gcc/arm-none-eabi/12.1.0/armv6k/fpu/libgcc.a(_udivsi3.o)
                0x00000000001006d0                __udivsi3
                0x00000000001006d0                __aeabi_uidiv
                0x00000000001008bc                __aeabi_uidivmod
 .text          0x00000000001008dc      0x3c0 /opt/devkitpro/devkitARM/bin/../lib/gcc/arm-none-eabi/12.1.0/armv6k/fpu/libgcc.a(_arm_addsubdf3.o)
                0x00000000001008dc                __aeabi_drsub
                0x00000000001008e4                __aeabi_dsub
                0x00000000001008e4                __subdf3
                0x00000000001008e8                __adddf3
                0x00000000001008e8                __aeabi_dadd
                0x0000000000100b94                __aeabi_ui2d
                0x0000000000100b94                __floatunsidf
                0x0000000000100bb8                __floatsidf
                0x0000000000100bb8                __aeabi_i2d
                0x0000000000100be0                __extendsfdf2
                0x0000000000100be0                __aeabi_f2d
                0x0000000000100c28                __aeabi_ul2d
                0x0000000000100c28                __floatundidf
                0x0000000000100c3c                __floatdidf
                0x0000000000100c3c                __aeabi_l2d
 *(.text.*)
 .text.__do_global_dtors_aux
                0x0000000000100c9c       0x40 /opt/devkitpro/devkitARM/bin/../lib/gcc/arm-none-eabi/12.1.0/armv6k/fpu/crtbegin.o
 .text.frame_dummy
                0x0000000000100cdc       0x2c /opt/devkitpro/devkitARM/bin/../lib/gcc/arm-none-eabi/12.1.0/armv6k/fpu/crtbegin.o
 .text.checkError
                0x0000000000100d08       0x60 main.o
 .text.startup.main
                0x0000000000100d68      0x2e0 main.o
                0x0000000000100d68                main
 .text.GLASS_internal_swapBuffers
                0x0000000000101048       0x28 /home/user/Documents/repos/3ds_gl/lib/libGLASSd.a(glass.o)
 .text.GLASS_internal_getDisplayBuffer
                0x0000000000101070       0x5c /home/user/Documents/repos/3ds_gl/lib/libGLASSd.a(glass.o)
 .text.glassCreateContext
                0x00000000001010cc       0x28 /home/user/Documents/repos/3ds_gl/lib/libGLASSd.a(glass.o)
                0x00000000001010cc                glassCreateContext
 .text.glassDestroyContext
                0x00000000001010f4       0x2c /home/user/Documents/repos/3ds_gl/lib/libGLASSd.a(glass.o)
                0x00000000001010f4                glassDestroyContext
 .text.glassBindContext
                0x0000000000101120        0xc /home/user/Documents/repos/3ds_gl/lib/libGLASSd.a(glass.o)
                0x0000000000101120                glassBindContext
 .text.glassSwapBuffers
                0x000000000010112c       0xd4 /home/user/Documents/repos/3ds_gl/lib/libGLASSd.a(glass.o)
                0x000000000010112c                glassSwapBuffers
 .text.GLASS_gpu_uploadBoolUniforms
                0x0000000000101200       0x50 /home/user/Documents/repos/3ds_gl/lib/libGLASSd.a(gpu.o)
 .text.GLASS_gpu_uploadIntUniforms
                0x0000000000101250       0x84 /home/user/Documents/repos/3ds_gl/lib/libGLASSd.a(gpu.o)
 .text.GLASS_gpu_uploadShaderBinary
                0x00000000001012d4      0x128 /home/user/Documents/repos/3ds_gl/lib/libGLASSd.a(gpu.o)
 .text.GLASS_gpu_uploadFloatUniforms
                0x00000000001013fc       0xc0 /home/user/Documents/repos/3ds_gl/lib/libGLASSd.a(gpu.o)
 .text.GLASS_gpu_init
                0x00000000001014bc       0x2c /home/user/Documents/repos/3ds_gl/lib/libGLASSd.a(gpu.o)
                0x00000000001014bc                GLASS_gpu_init
 .text.GLASS_gpu_fini
                0x00000000001014e8       0x2c /home/user/Documents/repos/3ds_gl/lib/libGLASSd.a(gpu.o)
                0x00000000001014e8                GLASS_gpu_fini
 .text.GLASS_gpu_enableRegs
                0x0000000000101514       0x3c /home/user/Documents/repos/3ds_gl/lib/libGLASSd.a(gpu.o)
                0x0000000000101514                GLASS_gpu_enableRegs
 .text.GLASS_gpu_disableRegs
                0x0000000000101550       0x34 /home/user/Documents/repos/3ds_gl/lib/libGLASSd.a(gpu.o)
                0x0000000000101550                GLASS_gpu_disableRegs
 .text.GLASS_gpu_flushCommands
                0x0000000000101584       0x80 /home/user/Documents/repos/3ds_gl/lib/libGLASSd.a(gpu.o)
                0x0000000000101584                GLASS_gpu_flushCommands
 .text.GLASS_gpu_flushAndRunCommands
                0x0000000000101604       0x44 /home/user/Documents/repos/3ds_gl/lib/libGLASSd.a(gpu.o)
                0x0000000000101604                GLASS_gpu_flushAndRunCommands
 .text.GLASS_gpu_flushFramebuffer
                0x0000000000101648       0x28 /home/user/Documents/repos/3ds_gl/lib/libGLASSd.a(gpu.o)
                0x0000000000101648                GLASS_gpu_flushFramebuffer
 .text.GLASS_gpu_invalidateFramebuffer
                0x0000000000101670       0x28 /home/user/Documents/repos/3ds_gl/lib/libGLASSd.a(gpu.o)
                0x0000000000101670                GLASS_gpu_invalidateFramebuffer
 .text.GLASS_gpu_bindFramebuffer
                0x0000000000101698      0x1f4 /home/user/Documents/repos/3ds_gl/lib/libGLASSd.a(gpu.o)
                0x0000000000101698                GLASS_gpu_bindFramebuffer
 .text.GLASS_gpu_setViewport
                0x000000000010188c       0xac /home/user/Documents/repos/3ds_gl/lib/libGLASSd.a(gpu.o)
                0x000000000010188c                GLASS_gpu_setViewport
 .text.GLASS_gpu_setScissorTest
                0x0000000000101938       0x98 /home/user/Documents/repos/3ds_gl/lib/libGLASSd.a(gpu.o)
                0x0000000000101938                GLASS_gpu_setScissorTest
 .text.GLASS_gpu_bindShaders
                0x00000000001019d0      0x35c /home/user/Documents/repos/3ds_gl/lib/libGLASSd.a(gpu.o)
                0x00000000001019d0                GLASS_gpu_bindShaders
 .text.GLASS_gpu_uploadUniforms
                0x0000000000101d2c       0x20 /home/user/Documents/repos/3ds_gl/lib/libGLASSd.a(gpu.o)
                0x0000000000101d2c                GLASS_gpu_uploadUniforms
 .text.GLASS_gpu_uploadAttributes
                0x0000000000101d4c      0x2a4 /home/user/Documents/repos/3ds_gl/lib/libGLASSd.a(gpu.o)
                0x0000000000101d4c                GLASS_gpu_uploadAttributes
 .text.GLASS_gpu_setCombiners
                0x0000000000101ff0      0x19c /home/user/Documents/repos/3ds_gl/lib/libGLASSd.a(gpu.o)
                0x0000000000101ff0                GLASS_gpu_setCombiners
 .text.GLASS_gpu_setFragOp
                0x000000000010218c       0x8c /home/user/Documents/repos/3ds_gl/lib/libGLASSd.a(gpu.o)
                0x000000000010218c                GLASS_gpu_setFragOp
 .text.GLASS_gpu_setColorDepthMask
                0x0000000000102218       0xc8 /home/user/Documents/repos/3ds_gl/lib/libGLASSd.a(gpu.o)
                0x0000000000102218                GLASS_gpu_setColorDepthMask
 .text.GLASS_gpu_setDepthMap
                0x00000000001022e0       0xe0 /home/user/Documents/repos/3ds_gl/lib/libGLASSd.a(gpu.o)
                0x00000000001022e0                GLASS_gpu_setDepthMap
 .text.GLASS_gpu_setEarlyDepthTest
                0x00000000001023c0       0x44 /home/user/Documents/repos/3ds_gl/lib/libGLASSd.a(gpu.o)
                0x00000000001023c0                GLASS_gpu_setEarlyDepthTest
 .text.GLASS_gpu_setEarlyDepthFunc
                0x0000000000102404       0x28 /home/user/Documents/repos/3ds_gl/lib/libGLASSd.a(gpu.o)
                0x0000000000102404                GLASS_gpu_setEarlyDepthFunc
 .text.GLASS_gpu_setEarlyDepthClear
                0x000000000010242c       0x38 /home/user/Documents/repos/3ds_gl/lib/libGLASSd.a(gpu.o)
                0x000000000010242c                GLASS_gpu_setEarlyDepthClear
 .text.GLASS_gpu_clearEarlyDepthBuffer
                0x0000000000102464       0x28 /home/user/Documents/repos/3ds_gl/lib/libGLASSd.a(gpu.o)
                0x0000000000102464                GLASS_gpu_clearEarlyDepthBuffer
 .text.GLASS_gpu_setStencilTest
                0x000000000010248c       0x60 /home/user/Documents/repos/3ds_gl/lib/libGLASSd.a(gpu.o)
                0x000000000010248c                GLASS_gpu_setStencilTest
 .text.GLASS_gpu_setStencilOp
                0x00000000001024ec       0x50 /home/user/Documents/repos/3ds_gl/lib/libGLASSd.a(gpu.o)
                0x00000000001024ec                GLASS_gpu_setStencilOp
 .text.GLASS_gpu_setCullFace
                0x000000000010253c       0x6c /home/user/Documents/repos/3ds_gl/lib/libGLASSd.a(gpu.o)
                0x000000000010253c                GLASS_gpu_setCullFace
 .text.GLASS_gpu_setAlphaTest
                0x00000000001025a8       0x70 /home/user/Documents/repos/3ds_gl/lib/libGLASSd.a(gpu.o)
                0x00000000001025a8                GLASS_gpu_setAlphaTest
 .text.GLASS_gpu_setBlendFunc
                0x0000000000102618       0x8c /home/user/Documents/repos/3ds_gl/lib/libGLASSd.a(gpu.o)
                0x0000000000102618                GLASS_gpu_setBlendFunc
 .text.GLASS_gpu_setBlendColor
                0x00000000001026a4       0x28 /home/user/Documents/repos/3ds_gl/lib/libGLASSd.a(gpu.o)
                0x00000000001026a4                GLASS_gpu_setBlendColor
 .text.GLASS_gpu_setLogicOp
                0x00000000001026cc       0x2c /home/user/Documents/repos/3ds_gl/lib/libGLASSd.a(gpu.o)
                0x00000000001026cc                GLASS_gpu_setLogicOp
 .text.GLASS_context_initContext
                0x00000000001026f8      0x2a4 /home/user/Documents/repos/3ds_gl/lib/libGLASSd.a(context.o)
                0x00000000001026f8                GLASS_context_initContext
 .text.GLASS_context_bindContext
                0x000000000010299c       0xf0 /home/user/Documents/repos/3ds_gl/lib/libGLASSd.a(context.o)
                0x000000000010299c                GLASS_context_bindContext
 .text.GLASS_context_finiContext
                0x0000000000102a8c       0x34 /home/user/Documents/repos/3ds_gl/lib/libGLASSd.a(context.o)
                0x0000000000102a8c                GLASS_context_finiContext
 .text.GLASS_context_getContext
                0x0000000000102ac0       0x10 /home/user/Documents/repos/3ds_gl/lib/libGLASSd.a(context.o)
                0x0000000000102ac0                GLASS_context_getContext
 .text.GLASS_context_updateContext
                0x0000000000102ad0      0x644 /home/user/Documents/repos/3ds_gl/lib/libGLASSd.a(context.o)
                0x0000000000102ad0                GLASS_context_updateContext
 .text.GLASS_context_setError
                0x0000000000103114       0x1c /home/user/Documents/repos/3ds_gl/lib/libGLASSd.a(context.o)
                0x0000000000103114                GLASS_context_setError
 .text.glGetError
                0x0000000000103130       0x1c /home/user/Documents/repos/3ds_gl/lib/libGLASSd.a(state.o)
                0x0000000000103130                glGetError
 .text.GLASS_rendering_checkFB
                0x000000000010314c       0x3c /home/user/Documents/repos/3ds_gl/lib/libGLASSd.a(rendering.o)
 .text.glClear  0x0000000000103188       0xf4 /home/user/Documents/repos/3ds_gl/lib/libGLASSd.a(rendering.o)
                0x0000000000103188                glClear
 .text.glClearColor
                0x000000000010327c       0xac /home/user/Documents/repos/3ds_gl/lib/libGLASSd.a(rendering.o)
                0x000000000010327c                glClearColor
 .text.GLASS_shaders_decSharedDataRefc
                0x0000000000103328       0x28 /home/user/Documents/repos/3ds_gl/lib/libGLASSd.a(shaders.o)
 .text.GLASS_shaders_decShaderRefc
                0x0000000000103350       0x40 /home/user/Documents/repos/3ds_gl/lib/libGLASSd.a(shaders.o)
 .text.GLASS_shaders_freeProgram
                0x0000000000103390       0x94 /home/user/Documents/repos/3ds_gl/lib/libGLASSd.a(shaders.o)
 .text.GLASS_shaders_lookupShader
                0x0000000000103424       0x60 /home/user/Documents/repos/3ds_gl/lib/libGLASSd.a(shaders.o)
 .text.GLASS_shaders_parseDVLB
                0x0000000000103484       0x64 /home/user/Documents/repos/3ds_gl/lib/libGLASSd.a(shaders.o)
                0x0000000000103484                GLASS_shaders_parseDVLB
 .text.GLASS_shaders_parseDVLP
                0x00000000001034e8       0x8c /home/user/Documents/repos/3ds_gl/lib/libGLASSd.a(shaders.o)
                0x00000000001034e8                GLASS_shaders_parseDVLP
 .text.GLASS_shaders_getDVLEInfo
                0x0000000000103574       0xe0 /home/user/Documents/repos/3ds_gl/lib/libGLASSd.a(shaders.o)
                0x0000000000103574                GLASS_shaders_getDVLEInfo
 .text.GLASS_shaders_generateOutmaps
                0x0000000000103654      0x25c /home/user/Documents/repos/3ds_gl/lib/libGLASSd.a(shaders.o)
                0x0000000000103654                GLASS_shaders_generateOutmaps
 .text.GLASS_shaders_loadUniforms
                0x00000000001038b0      0x200 /home/user/Documents/repos/3ds_gl/lib/libGLASSd.a(shaders.o)
                0x00000000001038b0                GLASS_shaders_loadUniforms
 .text.glAttachShader
                0x0000000000103ab0       0x94 /home/user/Documents/repos/3ds_gl/lib/libGLASSd.a(shaders.o)
                0x0000000000103ab0                glAttachShader
 .text.glCreateProgram
                0x0000000000103b44       0x44 /home/user/Documents/repos/3ds_gl/lib/libGLASSd.a(shaders.o)
                0x0000000000103b44                glCreateProgram
 .text.glCreateShader
                0x0000000000103b88       0xac /home/user/Documents/repos/3ds_gl/lib/libGLASSd.a(shaders.o)
                0x0000000000103b88                glCreateShader
 .text.glDeleteProgram
                0x0000000000103c34       0x60 /home/user/Documents/repos/3ds_gl/lib/libGLASSd.a(shaders.o)
                0x0000000000103c34                glDeleteProgram
 .text.glDeleteShader
                0x0000000000103c94       0x50 /home/user/Documents/repos/3ds_gl/lib/libGLASSd.a(shaders.o)
                0x0000000000103c94                glDeleteShader
 .text.glLinkProgram
                0x0000000000103ce4      0x140 /home/user/Documents/repos/3ds_gl/lib/libGLASSd.a(shaders.o)
                0x0000000000103ce4                glLinkProgram
 .text.glShaderBinary
                0x0000000000103e24      0x204 /home/user/Documents/repos/3ds_gl/lib/libGLASSd.a(shaders.o)
                0x0000000000103e24                glShaderBinary
 .text.glUseProgram
                0x0000000000104028       0x8c /home/user/Documents/repos/3ds_gl/lib/libGLASSd.a(shaders.o)
                0x0000000000104028                glUseProgram
 .text.GLASS_framebuffer_getDepthSize
                0x00000000001040b4       0x50 /home/user/Documents/repos/3ds_gl/lib/libGLASSd.a(framebuffer.o)
 .text.glBindFramebuffer
                0x0000000000104104       0x84 /home/user/Documents/repos/3ds_gl/lib/libGLASSd.a(framebuffer.o)
                0x0000000000104104                glBindFramebuffer
 .text.glBindRenderbuffer
                0x0000000000104188       0x78 /home/user/Documents/repos/3ds_gl/lib/libGLASSd.a(framebuffer.o)
                0x0000000000104188                glBindRenderbuffer
 .text.glCheckFramebufferStatus
                0x0000000000104200      0x114 /home/user/Documents/repos/3ds_gl/lib/libGLASSd.a(framebuffer.o)
                0x0000000000104200                glCheckFramebufferStatus
 .text.glFramebufferRenderbuffer
                0x0000000000104314       0xd8 /home/user/Documents/repos/3ds_gl/lib/libGLASSd.a(framebuffer.o)
                0x0000000000104314                glFramebufferRenderbuffer
 .text.glGenFramebuffers
                0x00000000001043ec       0x68 /home/user/Documents/repos/3ds_gl/lib/libGLASSd.a(framebuffer.o)
                0x00000000001043ec                glGenFramebuffers
 .text.glGenRenderbuffers
                0x0000000000104454       0x78 /home/user/Documents/repos/3ds_gl/lib/libGLASSd.a(framebuffer.o)
                0x0000000000104454                glGenRenderbuffers
 .text.glRenderbufferStorage
                0x00000000001044cc      0x138 /home/user/Documents/repos/3ds_gl/lib/libGLASSd.a(framebuffer.o)
                0x00000000001044cc                glRenderbufferStorage
 .text.GLASS_attribs_attribForReg
                0x0000000000104604       0x50 /home/user/Documents/repos/3ds_gl/lib/libGLASSd.a(attribs.o)
 .text.GLASS_attribs_setFixedAttrib
                0x0000000000104654       0x90 /home/user/Documents/repos/3ds_gl/lib/libGLASSd.a(attribs.o)
 .text.glEnableVertexAttribArray
                0x00000000001046e4       0xac /home/user/Documents/repos/3ds_gl/lib/libGLASSd.a(attribs.o)
                0x00000000001046e4                glEnableVertexAttribArray
 .text.glVertexAttrib4f
                0x0000000000104790       0x2c /home/user/Documents/repos/3ds_gl/lib/libGLASSd.a(attribs.o)
                0x0000000000104790                glVertexAttrib4f
 .text.GLASS_types_createObject
                0x00000000001047bc       0x68 /home/user/Documents/repos/3ds_gl/lib/libGLASSd.a(types.o)
                0x00000000001047bc                GLASS_types_createObject
 .text.GLASS_types_checkObjectType
                0x0000000000104824       0x4c /home/user/Documents/repos/3ds_gl/lib/libGLASSd.a(types.o)
                0x0000000000104824                GLASS_types_checkObjectType
 .text.GLASS_mem_alloc
                0x0000000000104870       0x50 /home/user/Documents/repos/3ds_gl/lib/libGLASSd.a(mem.o)
                0x0000000000104870                GLASS_mem_alloc
 .text.GLASS_mem_free
                0x00000000001048c0       0x30 /home/user/Documents/repos/3ds_gl/lib/libGLASSd.a(mem.o)
                0x00000000001048c0                GLASS_mem_free
 .text.GLASS_utility_packIntVector
                0x00000000001048f0       0x48 /home/user/Documents/repos/3ds_gl/lib/libGLASSd.a(utility.o)
 .text.GLASS_utility_packFloatVector
                0x0000000000104938       0x5c /home/user/Documents/repos/3ds_gl/lib/libGLASSd.a(utility.o)
 .text.GLASS_utility_unreachable
                0x0000000000104994       0x20 /home/user/Documents/repos/3ds_gl/lib/libGLASSd.a(utility.o)
                0x0000000000104994                GLASS_utility_unreachable
 .text.GLASS_utility_getLinearBase
                0x00000000001049b4       0x18 /home/user/Documents/repos/3ds_gl/lib/libGLASSd.a(utility.o)
                0x00000000001049b4                GLASS_utility_getLinearBase
 .text.GLASS_utility_f24tof32
                0x00000000001049cc       0x64 /home/user/Documents/repos/3ds_gl/lib/libGLASSd.a(utility.o)
                0x00000000001049cc                GLASS_utility_f24tof32
 .text.GLASS_utility_convertRGBA8
                0x0000000000104a30      0x11c /home/user/Documents/repos/3ds_gl/lib/libGLASSd.a(utility.o)
                0x0000000000104a30                GLASS_utility_convertRGBA8
 .text.GLASS_utility_getClearDepth
                0x0000000000104b4c       0x88 /home/user/Documents/repos/3ds_gl/lib/libGLASSd.a(utility.o)
                0x0000000000104b4c                GLASS_utility_getClearDepth
 .text.GLASS_utility_GLClampFloat
                0x0000000000104bd4       0x34 /home/user/Documents/repos/3ds_gl/lib/libGLASSd.a(utility.o)
                0x0000000000104bd4                GLASS_utility_GLClampFloat
 .text.GLASS_utility_getFBFormatBytes
                0x0000000000104c08       0xc4 /home/user/Documents/repos/3ds_gl/lib/libGLASSd.a(utility.o)
                0x0000000000104c08                GLASS_utility_getFBFormatBytes
 .text.GLASS_utility_getFBPixelSize
                0x0000000000104ccc       0x10 /home/user/Documents/repos/3ds_gl/lib/libGLASSd.a(utility.o)
                0x0000000000104ccc                GLASS_utility_getFBPixelSize
 .text.GLASS_utility_getGXControl
                0x0000000000104cdc       0x30 /home/user/Documents/repos/3ds_gl/lib/libGLASSd.a(utility.o)
 .text.GLASS_utility_GSPToGLFBFormat
                0x0000000000104d0c       0x6c /home/user/Documents/repos/3ds_gl/lib/libGLASSd.a(utility.o)
                0x0000000000104d0c                GLASS_utility_GSPToGLFBFormat
 .text.GLASS_utility_GLToGXFBFormat
                0x0000000000104d78       0x98 /home/user/Documents/repos/3ds_gl/lib/libGLASSd.a(utility.o)
                0x0000000000104d78                GLASS_utility_GLToGXFBFormat
 .text.GLASS_utility_GLToGPUFBFormat
                0x0000000000104e10       0xe4 /home/user/Documents/repos/3ds_gl/lib/libGLASSd.a(utility.o)
                0x0000000000104e10                GLASS_utility_GLToGPUFBFormat
 .text.GLASS_utility_GLToGPUTestFunc
                0x0000000000104ef4       0x80 /home/user/Documents/repos/3ds_gl/lib/libGLASSd.a(utility.o)
                0x0000000000104ef4                GLASS_utility_GLToGPUTestFunc
 .text.GLASS_utility_GLToGPUStencilOp
                0x0000000000104f74       0xbc /home/user/Documents/repos/3ds_gl/lib/libGLASSd.a(utility.o)
                0x0000000000104f74                GLASS_utility_GLToGPUStencilOp
 .text.GLASS_utility_GLToGPUBlendEq
                0x0000000000105030       0x64 /home/user/Documents/repos/3ds_gl/lib/libGLASSd.a(utility.o)
                0x0000000000105030                GLASS_utility_GLToGPUBlendEq
 .text.GLASS_utility_GLToGPUBlendFunc
                0x0000000000105094      0x118 /home/user/Documents/repos/3ds_gl/lib/libGLASSd.a(utility.o)
                0x0000000000105094                GLASS_utility_GLToGPUBlendFunc
 .text.GLASS_utility_GLToGPULOP
                0x00000000001051ac       0xe0 /home/user/Documents/repos/3ds_gl/lib/libGLASSd.a(utility.o)
                0x00000000001051ac                GLASS_utility_GLToGPULOP
 .text.GLASS_utility_GLToGPUCombinerSrc
                0x000000000010528c       0xf8 /home/user/Documents/repos/3ds_gl/lib/libGLASSd.a(utility.o)
                0x000000000010528c                GLASS_utility_GLToGPUCombinerSrc
 .text.GLASS_utility_GLToGPUCombinerOpRGB
                0x0000000000105384       0xd8 /home/user/Documents/repos/3ds_gl/lib/libGLASSd.a(utility.o)
                0x0000000000105384                GLASS_utility_GLToGPUCombinerOpRGB
 .text.GLASS_utility_GLToGPUCombinerOpAlpha
                0x000000000010545c       0xb4 /home/user/Documents/repos/3ds_gl/lib/libGLASSd.a(utility.o)
                0x000000000010545c                GLASS_utility_GLToGPUCombinerOpAlpha
 .text.GLASS_utility_GLToGPUCombinerFunc
                0x0000000000105510       0xf4 /home/user/Documents/repos/3ds_gl/lib/libGLASSd.a(utility.o)
                0x0000000000105510                GLASS_utility_GLToGPUCombinerFunc
 .text.GLASS_utility_GLToGPUCombinerScale
                0x0000000000105604       0x64 /home/user/Documents/repos/3ds_gl/lib/libGLASSd.a(utility.o)
                0x0000000000105604                GLASS_utility_GLToGPUCombinerScale
 .text.GLASS_utility_buildTransferFlags
                0x0000000000105668       0x20 /home/user/Documents/repos/3ds_gl/lib/libGLASSd.a(utility.o)
                0x0000000000105668                GLASS_utility_buildTransferFlags
 .text.GLASS_utility_clearBuffers
                0x0000000000105688      0x1c4 /home/user/Documents/repos/3ds_gl/lib/libGLASSd.a(utility.o)
                0x0000000000105688                GLASS_utility_clearBuffers
 .text.GLASS_utility_transferBuffer
                0x000000000010584c       0x38 /home/user/Documents/repos/3ds_gl/lib/libGLASSd.a(utility.o)
                0x000000000010584c                GLASS_utility_transferBuffer
 .text.GLASS_utility_setShaderBool
                0x0000000000105884       0x24 /home/user/Documents/repos/3ds_gl/lib/libGLASSd.a(utility.o)
                0x0000000000105884                GLASS_utility_setShaderBool
 .text.GLASS_utility_setShaderInts
                0x00000000001058a8       0x58 /home/user/Documents/repos/3ds_gl/lib/libGLASSd.a(utility.o)
                0x00000000001058a8                GLASS_utility_setShaderInts
 .text.GLASS_utility_setShaderFloats
                0x0000000000105900       0x60 /home/user/Documents/repos/3ds_gl/lib/libGLASSd.a(utility.o)
                0x0000000000105900                GLASS_utility_setShaderFloats
 .text.GLASS_utility_resetDirtyUniforms
                0x0000000000105960       0x38 /home/user/Documents/repos/3ds_gl/lib/libGLASSd.a(utility.o)
                0x0000000000105960                GLASS_utility_resetDirtyUniforms
 .text.GLASS_utility_packFixedAttrib
                0x0000000000105998        0xc /home/user/Documents/repos/3ds_gl/lib/libGLASSd.a(utility.o)
                0x0000000000105998                GLASS_utility_packFixedAttrib
 .text._ZL21addrMapNodeComparatorPK11rbtree_nodeS1_
                0x00000000001059a4       0x24 /opt/devkitpro/libctru/lib/libctru.a(vram.o)
 .text._ZL21addrMapNodeDestructorP11rbtree_node
                0x00000000001059c8        0x4 /opt/devkitpro/libctru/lib/libctru.a(vram.o)
 .text.vramMemAlignAt
                0x00000000001059cc      0x250 /opt/devkitpro/libctru/lib/libctru.a(vram.o)
                0x00000000001059cc                vramMemAlignAt
 .text.vramAlloc
                0x0000000000105c1c        0xc /opt/devkitpro/libctru/lib/libctru.a(vram.o)
                0x0000000000105c1c                vramAlloc
 .text.vramAllocAt
                0x0000000000105c28        0xc /opt/devkitpro/libctru/lib/libctru.a(vram.o)
                0x0000000000105c28                vramAllocAt
 .text.vramFree
                0x0000000000105c34       0x90 /opt/devkitpro/libctru/lib/libctru.a(vram.o)
                0x0000000000105c34                vramFree
 .text._ZL21addrMapNodeComparatorPK11rbtree_nodeS1_
                0x0000000000105cc4       0x24 /opt/devkitpro/libctru/lib/libctru.a(linear.o)
 .text._ZL21addrMapNodeDestructorP11rbtree_node
                0x0000000000105ce8        0x4 /opt/devkitpro/libctru/lib/libctru.a(linear.o)
 .text.linearMemAlign
                0x0000000000105cec      0x120 /opt/devkitpro/libctru/lib/libctru.a(linear.o)
                0x0000000000105cec                linearMemAlign
 .text.linearAlloc
                0x0000000000105e0c        0x8 /opt/devkitpro/libctru/lib/libctru.a(linear.o)
                0x0000000000105e0c                linearAlloc
 .text.linearFree
                0x0000000000105e14       0x5c /opt/devkitpro/libctru/lib/libctru.a(linear.o)
                0x0000000000105e14                linearFree
 .text._ZN7MemPool13CoalesceRightEP8MemBlock
                0x0000000000105e70       0x80 /opt/devkitpro/libctru/lib/libctru.a(mem_pool.o)
                0x0000000000105e70                MemPool::CoalesceRight(MemBlock*)
 .text._ZN7MemPool8AllocateER8MemChunkmi
                0x0000000000105ef0      0x16c /opt/devkitpro/libctru/lib/libctru.a(mem_pool.o)
                0x0000000000105ef0                MemPool::Allocate(MemChunk&, unsigned long, int)
 .text._ZN7MemPool10DeallocateERK8MemChunk
                0x000000000010605c       0xfc /opt/devkitpro/libctru/lib/libctru.a(mem_pool.o)
                0x000000000010605c                MemPool::Deallocate(MemChunk const&)
 .text._ZN7MemPool12GetFreeSpaceEv
                0x0000000000106158       0x30 /opt/devkitpro/libctru/lib/libctru.a(mem_pool.o)
                0x0000000000106158                MemPool::GetFreeSpace()
 .text.osConvertVirtToPhys
                0x0000000000106188       0x74 /opt/devkitpro/libctru/lib/libctru.a(os.o)
                0x0000000000106188                osConvertVirtToPhys
 .text.__ctru_speedup_config
                0x00000000001061fc       0x34 /opt/devkitpro/libctru/lib/libctru.a(os.o)
                0x00000000001061fc                __ctru_speedup_config
 .text.parseColor
                0x0000000000106230      0x1e8 /opt/devkitpro/libctru/lib/libctru.a(console.o)
 .text.consoleDrawChar
                0x0000000000106418      0x1ac /opt/devkitpro/libctru/lib/libctru.a(console.o)
                0x0000000000106418                consoleDrawChar
 .text.consolePrintChar
                0x00000000001065c4      0x124 /opt/devkitpro/libctru/lib/libctru.a(console.o)
                0x00000000001065c4                consolePrintChar
 .text.con_write
                0x00000000001066e8      0xb94 /opt/devkitpro/libctru/lib/libctru.a(console.o)
                0x00000000001066e8                con_write
 .text.newRow   0x000000000010727c       0xfc /opt/devkitpro/libctru/lib/libctru.a(console.o)
 .text.consoleInit
                0x0000000000107378      0x168 /opt/devkitpro/libctru/lib/libctru.a(console.o)
                0x0000000000107378                consoleInit
 .text.gfxPresentFramebuffer
                0x00000000001074e0       0xd0 /opt/devkitpro/libctru/lib/libctru.a(gfx.o)
 .text.gfxIsWide
                0x00000000001075b0       0x1c /opt/devkitpro/libctru/lib/libctru.a(gfx.o)
                0x00000000001075b0                gfxIsWide
 .text.gfxSetScreenFormat
                0x00000000001075cc       0xec /opt/devkitpro/libctru/lib/libctru.a(gfx.o)
                0x00000000001075cc                gfxSetScreenFormat
 .text.gfxGetScreenFormat
                0x00000000001076b8       0x10 /opt/devkitpro/libctru/lib/libctru.a(gfx.o)
                0x00000000001076b8                gfxGetScreenFormat
 .text.gfxSetDoubleBuffering
                0x00000000001076c8       0x10 /opt/devkitpro/libctru/lib/libctru.a(gfx.o)
                0x00000000001076c8                gfxSetDoubleBuffering
 .text.gfxInit  0x00000000001076d8       0xe0 /opt/devkitpro/libctru/lib/libctru.a(gfx.o)
                0x00000000001076d8                gfxInit
 .text.gfxInitDefault
                0x00000000001077b8       0x10 /opt/devkitpro/libctru/lib/libctru.a(gfx.o)
                0x00000000001077b8                gfxInitDefault
 .text.gfxExit  0x00000000001077c8       0xb4 /opt/devkitpro/libctru/lib/libctru.a(gfx.o)
                0x00000000001077c8                gfxExit
 .text.gfxGetFramebuffer
                0x000000000010787c       0xa0 /opt/devkitpro/libctru/lib/libctru.a(gfx.o)
                0x000000000010787c                gfxGetFramebuffer
 .text.gfxFlushBuffers
                0x000000000010791c      0x104 /opt/devkitpro/libctru/lib/libctru.a(gfx.o)
                0x000000000010791c                gfxFlushBuffers
 .text.gfxScreenSwapBuffers
                0x0000000000107a20       0x30 /opt/devkitpro/libctru/lib/libctru.a(gfx.o)
                0x0000000000107a20                gfxScreenSwapBuffers
 .text.gfxSwapBuffersGpu
                0x0000000000107a50       0x50 /opt/devkitpro/libctru/lib/libctru.a(gfx.o)
                0x0000000000107a50                gfxSwapBuffersGpu
 .text.GX_BindQueue
                0x0000000000107aa0       0x10 /opt/devkitpro/libctru/lib/libctru.a(gx.o)
                0x0000000000107aa0                GX_BindQueue
 .text.GX_ProcessCommandList
                0x0000000000107ab0       0x78 /opt/devkitpro/libctru/lib/libctru.a(gx.o)
                0x0000000000107ab0                GX_ProcessCommandList
 .text.GX_MemoryFill
                0x0000000000107b28       0x74 /opt/devkitpro/libctru/lib/libctru.a(gx.o)
                0x0000000000107b28                GX_MemoryFill
 .text.GX_DisplayTransfer
                0x0000000000107b9c       0x70 /opt/devkitpro/libctru/lib/libctru.a(gx.o)
                0x0000000000107b9c                GX_DisplayTransfer
 .text.gxCmdQueueDoCommands.part.0
                0x0000000000107c0c       0x68 /opt/devkitpro/libctru/lib/libctru.a(gxqueue.o)
 .text.gxCmdQueueInterrupt
                0x0000000000107c74       0xc8 /opt/devkitpro/libctru/lib/libctru.a(gxqueue.o)
                0x0000000000107c74                gxCmdQueueInterrupt
 .text.gxCmdQueueClear
                0x0000000000107d3c       0x4c /opt/devkitpro/libctru/lib/libctru.a(gxqueue.o)
                0x0000000000107d3c                gxCmdQueueClear
 .text.gxCmdQueueAdd
                0x0000000000107d88       0xf8 /opt/devkitpro/libctru/lib/libctru.a(gxqueue.o)
                0x0000000000107d88                gxCmdQueueAdd
 .text.gxCmdQueueRun
                0x0000000000107e80       0x80 /opt/devkitpro/libctru/lib/libctru.a(gxqueue.o)
                0x0000000000107e80                gxCmdQueueRun
 .text.gxCmdQueueStop
                0x0000000000107f00       0x60 /opt/devkitpro/libctru/lib/libctru.a(gxqueue.o)
                0x0000000000107f00                gxCmdQueueStop
 .text.gxCmdQueueWait
                0x0000000000107f60       0x74 /opt/devkitpro/libctru/lib/libctru.a(gxqueue.o)
                0x0000000000107f60                gxCmdQueueWait
 .text.GPUCMD_Add
                0x0000000000107fd4      0x13c /opt/devkitpro/libctru/lib/libctru.a(gpu.o)
                0x0000000000107fd4                GPUCMD_Add
 .text.GPUCMD_Split
                0x0000000000108110       0xb0 /opt/devkitpro/libctru/lib/libctru.a(gpu.o)
                0x0000000000108110                GPUCMD_Split
 .text.f32tof24
                0x00000000001081c0       0x34 /opt/devkitpro/libctru/lib/libctru.a(gpu.o)
                0x00000000001081c0                f32tof24
 .text.f32tof31
                0x00000000001081f4       0x38 /opt/devkitpro/libctru/lib/libctru.a(gpu.o)
                0x00000000001081f4                f32tof31
 .text.gspHardwareInit
                0x000000000010822c      0xc58 /opt/devkitpro/libctru/lib/libctru.a(gspgpu.o)
 .text.gspInit  0x0000000000108e84      0x248 /opt/devkitpro/libctru/lib/libctru.a(gspgpu.o)
                0x0000000000108e84                gspInit
 .text.gspExit  0x00000000001090cc       0xf0 /opt/devkitpro/libctru/lib/libctru.a(gspgpu.o)
                0x00000000001090cc                gspExit
 .text.gspHasGpuRight
                0x00000000001091bc       0x10 /opt/devkitpro/libctru/lib/libctru.a(gspgpu.o)
                0x00000000001091bc                gspHasGpuRight
 .text.gspPresentBuffer
                0x00000000001091cc       0xa0 /opt/devkitpro/libctru/lib/libctru.a(gspgpu.o)
                0x00000000001091cc                gspPresentBuffer
 .text.gspWaitForEvent
                0x000000000010926c       0x44 /opt/devkitpro/libctru/lib/libctru.a(gspgpu.o)
                0x000000000010926c                gspWaitForEvent
 .text.gspWaitForAnyEvent
                0x00000000001092b0       0x4c /opt/devkitpro/libctru/lib/libctru.a(gspgpu.o)
                0x00000000001092b0                gspWaitForAnyEvent
 .text.gspEventThreadMain
                0x00000000001092fc      0x158 /opt/devkitpro/libctru/lib/libctru.a(gspgpu.o)
 .text.gspSubmitGxCommand
                0x0000000000109454      0x130 /opt/devkitpro/libctru/lib/libctru.a(gspgpu.o)
                0x0000000000109454                gspSubmitGxCommand
 .text.GSPGPU_FlushDataCache
                0x0000000000109584       0x50 /opt/devkitpro/libctru/lib/libctru.a(gspgpu.o)
                0x0000000000109584                GSPGPU_FlushDataCache
 .text.GSPGPU_SetLcdForceBlack
                0x00000000001095d4       0x34 /opt/devkitpro/libctru/lib/libctru.a(gspgpu.o)
                0x00000000001095d4                GSPGPU_SetLcdForceBlack
 .text.GSPGPU_AcquireRight
                0x0000000000109608       0x68 /opt/devkitpro/libctru/lib/libctru.a(gspgpu.o)
                0x0000000000109608                GSPGPU_AcquireRight
 .text.GSPGPU_ReleaseRight
                0x0000000000109670       0x48 /opt/devkitpro/libctru/lib/libctru.a(gspgpu.o)
                0x0000000000109670                GSPGPU_ReleaseRight
 .text.GSPGPU_ImportDisplayCaptureInfo
                0x00000000001096b8       0x7c /opt/devkitpro/libctru/lib/libctru.a(gspgpu.o)
                0x00000000001096b8                GSPGPU_ImportDisplayCaptureInfo
 .text.GSPGPU_SaveVramSysArea
                0x0000000000109734       0x2c /opt/devkitpro/libctru/lib/libctru.a(gspgpu.o)
                0x0000000000109734                GSPGPU_SaveVramSysArea
 .text.GSPGPU_RestoreVramSysArea
                0x0000000000109760       0x2c /opt/devkitpro/libctru/lib/libctru.a(gspgpu.o)
                0x0000000000109760                GSPGPU_RestoreVramSysArea
 .text.aptConvertScreenForCapture
                0x000000000010978c      0x1a4 /opt/devkitpro/libctru/lib/libctru.a(apt.o)
 .text.aptDspSleep
                0x0000000000109930        0x8 /opt/devkitpro/libctru/lib/libctru.a(apt.o)
                0x0000000000109930                aptDspSleep
 .text.aptDspWakeup
                0x0000000000109938        0x4 /opt/devkitpro/libctru/lib/libctru.a(apt.o)
                0x0000000000109938                aptDspWakeup
 .text.aptDspCancel
                0x000000000010993c        0x4 /opt/devkitpro/libctru/lib/libctru.a(apt.o)
                0x000000000010993c                aptDspCancel
 .text.aptSendCommand
                0x0000000000109940      0x158 /opt/devkitpro/libctru/lib/libctru.a(apt.o)
                0x0000000000109940                aptSendCommand
 .text.aptExitProcess
                0x0000000000109a98       0x44 /opt/devkitpro/libctru/lib/libctru.a(apt.o)
 .text.aptExit  0x0000000000109adc      0x2f4 /opt/devkitpro/libctru/lib/libctru.a(apt.o)
                0x0000000000109adc                aptExit
 .text.aptHandleSleep
                0x0000000000109dd0       0xe0 /opt/devkitpro/libctru/lib/libctru.a(apt.o)
                0x0000000000109dd0                aptHandleSleep
 .text.APT_SleepIfShellClosed
                0x0000000000109eb0       0x84 /opt/devkitpro/libctru/lib/libctru.a(apt.o)
                0x0000000000109eb0                APT_SleepIfShellClosed
 .text.aptSetSleepAllowed
                0x0000000000109f34       0x84 /opt/devkitpro/libctru/lib/libctru.a(apt.o)
                0x0000000000109f34                aptSetSleepAllowed
 .text.APT_UnlockTransition
                0x0000000000109fb8       0x84 /opt/devkitpro/libctru/lib/libctru.a(apt.o)
                0x0000000000109fb8                APT_UnlockTransition
 *fill*         0x000000000010a03c        0x4 
 .text.aptEventHandler
                0x000000000010a040      0x4a4 /opt/devkitpro/libctru/lib/libctru.a(apt.o)
 .text.APT_ReceiveParameter
                0x000000000010a4e4       0xb0 /opt/devkitpro/libctru/lib/libctru.a(apt.o)
                0x000000000010a4e4                APT_ReceiveParameter
 .text.aptReceiveParameter.constprop.0
                0x000000000010a594       0xb0 /opt/devkitpro/libctru/lib/libctru.a(apt.o)
 *fill*         0x000000000010a644        0x4 
 .text.aptScreenTransfer
                0x000000000010a648      0x2ac /opt/devkitpro/libctru/lib/libctru.a(apt.o)
 .text.aptWaitForWakeUp.isra.0
                0x000000000010a8f4      0x344 /opt/devkitpro/libctru/lib/libctru.a(apt.o)
 .text.aptJumpToHomeMenu
                0x000000000010ac38      0x100 /opt/devkitpro/libctru/lib/libctru.a(apt.o)
                0x000000000010ac38                aptJumpToHomeMenu
 .text.aptMainLoop
                0x000000000010ad38       0x48 /opt/devkitpro/libctru/lib/libctru.a(apt.o)
                0x000000000010ad38                aptMainLoop
 .text.aptInit  0x000000000010ad80      0x22c /opt/devkitpro/libctru/lib/libctru.a(apt.o)
                0x000000000010ad80                aptInit
 .text.APT_CheckNew3DS
                0x000000000010afac       0x7c /opt/devkitpro/libctru/lib/libctru.a(apt.o)
                0x000000000010afac                APT_CheckNew3DS
 .text.hidShouldUseIrrst
                0x000000000010b028       0x24 /opt/devkitpro/libctru/lib/libctru.a(hid.o)
                0x000000000010b028                hidShouldUseIrrst
 .text.hidInit  0x000000000010b04c      0x18c /opt/devkitpro/libctru/lib/libctru.a(hid.o)
                0x000000000010b04c                hidInit
 .text.hidExit  0x000000000010b1d8       0xe8 /opt/devkitpro/libctru/lib/libctru.a(hid.o)
                0x000000000010b1d8                hidExit
 .text.hidScanInput
                0x000000000010b2c0      0x2a4 /opt/devkitpro/libctru/lib/libctru.a(hid.o)
                0x000000000010b2c0                hidScanInput
 .text.hidKeysDown
                0x000000000010b564       0x10 /opt/devkitpro/libctru/lib/libctru.a(hid.o)
                0x000000000010b564                hidKeysDown
 .text.ptmSysmInit
                0x000000000010b574       0x74 /opt/devkitpro/libctru/lib/libctru.a(ptmsysm.o)
                0x000000000010b574                ptmSysmInit
 .text.ptmSysmExit
                0x000000000010b5e8       0x3c /opt/devkitpro/libctru/lib/libctru.a(ptmsysm.o)
                0x000000000010b5e8                ptmSysmExit
 .text.PTMSYSM_ConfigureNew3DSCPU
                0x000000000010b624       0x34 /opt/devkitpro/libctru/lib/libctru.a(ptmsysm.o)
                0x000000000010b624                PTMSYSM_ConfigureNew3DSCPU
 .text.rbtree_init
                0x000000000010b658       0x10 /opt/devkitpro/libctru/lib/libctru.a(rbtree_init.o)
                0x000000000010b658                rbtree_init
 .text.do_insert
                0x000000000010b668      0x1b4 /opt/devkitpro/libctru/lib/libctru.a(rbtree_insert.o)
 .text.rbtree_insert
                0x000000000010b81c        0x8 /opt/devkitpro/libctru/lib/libctru.a(rbtree_insert.o)
                0x000000000010b81c                rbtree_insert
 .text.rbtree_rotate
                0x000000000010b824       0x90 /opt/devkitpro/libctru/lib/libctru.a(rbtree_rotate.o)
                0x000000000010b824                rbtree_rotate
 .text.rbtree_remove
                0x000000000010b8b4      0x318 /opt/devkitpro/libctru/lib/libctru.a(rbtree_remove.o)
                0x000000000010b8b4                rbtree_remove
 .text.rbtree_find
                0x000000000010bbcc       0x74 /opt/devkitpro/libctru/lib/libctru.a(rbtree_find.o)
                0x000000000010bbcc                rbtree_find
 .text.__system_allocateHeaps
                0x000000000010bc40      0x1e0 /opt/devkitpro/libctru/lib/libctru.a(allocateHeaps.o)
                0x000000000010bc40                __system_allocateHeaps
 .text.__libctru_init
                0x000000000010be20       0x38 /opt/devkitpro/libctru/lib/libctru.a(ctru_init.o)
                0x000000000010be20                __libctru_init
 .text.__system_initArgv
                0x000000000010be58      0x170 /opt/devkitpro/libctru/lib/libctru.a(initArgv.o)
                0x000000000010be58                __system_initArgv
 .text.svcControlMemory
                0x000000000010bfc8       0x20 /opt/devkitpro/libctru/lib/libctru.a(svc.o)
                0x000000000010bfc8                svcControlMemory
 .text.svcQueryMemory
                0x000000000010bfe8       0x30 /opt/devkitpro/libctru/lib/libctru.a(svc.o)
                0x000000000010bfe8                svcQueryMemory
 .text.svcExitProcess
                0x000000000010c018        0x8 /opt/devkitpro/libctru/lib/libctru.a(svc.o)
                0x000000000010c018                svcExitProcess
 .text.svcCreateThread
                0x000000000010c020       0x20 /opt/devkitpro/libctru/lib/libctru.a(svc.o)
                0x000000000010c020                svcCreateThread
 .text.svcExitThread
                0x000000000010c040        0x8 /opt/devkitpro/libctru/lib/libctru.a(svc.o)
                0x000000000010c040                svcExitThread
 .text.svcSleepThread
                0x000000000010c048        0x8 /opt/devkitpro/libctru/lib/libctru.a(svc.o)
                0x000000000010c048                svcSleepThread
 .text.svcReleaseMutex
                0x000000000010c050        0x8 /opt/devkitpro/libctru/lib/libctru.a(svc.o)
                0x000000000010c050                svcReleaseMutex
 .text.svcCreateEvent
                0x000000000010c058       0x14 /opt/devkitpro/libctru/lib/libctru.a(svc.o)
                0x000000000010c058                svcCreateEvent
 .text.svcSignalEvent
                0x000000000010c06c        0x8 /opt/devkitpro/libctru/lib/libctru.a(svc.o)
                0x000000000010c06c                svcSignalEvent
 .text.svcClearEvent
                0x000000000010c074        0x8 /opt/devkitpro/libctru/lib/libctru.a(svc.o)
                0x000000000010c074                svcClearEvent
 .text.svcMapMemoryBlock
                0x000000000010c07c        0x8 /opt/devkitpro/libctru/lib/libctru.a(svc.o)
                0x000000000010c07c                svcMapMemoryBlock
 .text.svcUnmapMemoryBlock
                0x000000000010c084        0x8 /opt/devkitpro/libctru/lib/libctru.a(svc.o)
                0x000000000010c084                svcUnmapMemoryBlock
 .text.svcCreateAddressArbiter
                0x000000000010c08c       0x14 /opt/devkitpro/libctru/lib/libctru.a(svc.o)
                0x000000000010c08c                svcCreateAddressArbiter
 .text.svcArbitrateAddressNoTimeout
                0x000000000010c0a0        0x8 /opt/devkitpro/libctru/lib/libctru.a(svc.o)
                0x000000000010c0a0                svcArbitrateAddressNoTimeout
 .text.svcCloseHandle
                0x000000000010c0a8        0x8 /opt/devkitpro/libctru/lib/libctru.a(svc.o)
                0x000000000010c0a8                svcCloseHandle
 .text.svcWaitSynchronization
                0x000000000010c0b0        0x8 /opt/devkitpro/libctru/lib/libctru.a(svc.o)
                0x000000000010c0b0                svcWaitSynchronization
 .text.svcWaitSynchronizationN
                0x000000000010c0b8       0x28 /opt/devkitpro/libctru/lib/libctru.a(svc.o)
                0x000000000010c0b8                svcWaitSynchronizationN
 .text.svcDuplicateHandle
                0x000000000010c0e0       0x14 /opt/devkitpro/libctru/lib/libctru.a(svc.o)
                0x000000000010c0e0                svcDuplicateHandle
 .text.svcGetSystemTick
                0x000000000010c0f4        0x8 /opt/devkitpro/libctru/lib/libctru.a(svc.o)
                0x000000000010c0f4                svcGetSystemTick
 .text.svcConnectToPort
                0x000000000010c0fc       0x14 /opt/devkitpro/libctru/lib/libctru.a(svc.o)
                0x000000000010c0fc                svcConnectToPort
 .text.svcSendSyncRequest
                0x000000000010c110        0x8 /opt/devkitpro/libctru/lib/libctru.a(svc.o)
                0x000000000010c110                svcSendSyncRequest
 .text.svcGetResourceLimit
                0x000000000010c118       0x14 /opt/devkitpro/libctru/lib/libctru.a(svc.o)
                0x000000000010c118                svcGetResourceLimit
 .text.svcGetResourceLimitLimitValues
                0x000000000010c12c        0x8 /opt/devkitpro/libctru/lib/libctru.a(svc.o)
                0x000000000010c12c                svcGetResourceLimitLimitValues
 .text.svcGetResourceLimitCurrentValues
                0x000000000010c134        0x8 /opt/devkitpro/libctru/lib/libctru.a(svc.o)
                0x000000000010c134                svcGetResourceLimitCurrentValues
 .text.svcBreak
                0x000000000010c13c        0x8 /opt/devkitpro/libctru/lib/libctru.a(svc.o)
                0x000000000010c13c                svcBreak
 .text.svcOutputDebugString
                0x000000000010c144        0x8 /opt/devkitpro/libctru/lib/libctru.a(svc.o)
                0x000000000010c144                svcOutputDebugString
 .text.svcQueryProcessMemory
                0x000000000010c14c       0x24 /opt/devkitpro/libctru/lib/libctru.a(svc.o)
                0x000000000010c14c                svcQueryProcessMemory
 .text.initSystem
                0x000000000010c170       0x50 /opt/devkitpro/libctru/lib/libctru.a(stack_adjust.o)
                0x000000000010c170                initSystem
 .text.__ctru_exit
                0x000000000010c1c0       0x18 /opt/devkitpro/libctru/lib/libctru.a(stack_adjust.o)
                0x000000000010c1c0                __ctru_exit
 .text.__sync_init
                0x000000000010c1d8        0xc /opt/devkitpro/libctru/lib/libctru.a(synchronization.o)
                0x000000000010c1d8                __sync_init
 .text.__sync_fini
                0x000000000010c1e4       0x18 /opt/devkitpro/libctru/lib/libctru.a(synchronization.o)
                0x000000000010c1e4                __sync_fini
 .text.syncArbitrateAddress
                0x000000000010c1fc       0x2c /opt/devkitpro/libctru/lib/libctru.a(synchronization.o)
                0x000000000010c1fc                syncArbitrateAddress
 .text.LightLock_Lock
                0x000000000010c228       0xb0 /opt/devkitpro/libctru/lib/libctru.a(synchronization.o)
                0x000000000010c228                LightLock_Lock
 .text.LightLock_Unlock
                0x000000000010c2d8       0x40 /opt/devkitpro/libctru/lib/libctru.a(synchronization.o)
                0x000000000010c2d8                LightLock_Unlock
 .text.RecursiveLock_Init
                0x000000000010c318       0x24 /opt/devkitpro/libctru/lib/libctru.a(synchronization.o)
                0x000000000010c318                RecursiveLock_Init
 .text.RecursiveLock_Lock
                0x000000000010c33c       0x30 /opt/devkitpro/libctru/lib/libctru.a(synchronization.o)
                0x000000000010c33c                RecursiveLock_Lock
 .text.RecursiveLock_Unlock
                0x000000000010c36c       0x54 /opt/devkitpro/libctru/lib/libctru.a(synchronization.o)
                0x000000000010c36c                RecursiveLock_Unlock
 .text.LightEvent_Init
                0x000000000010c3c0       0x40 /opt/devkitpro/libctru/lib/libctru.a(synchronization.o)
                0x000000000010c3c0                LightEvent_Init
 .text.LightEvent_Clear
                0x000000000010c400       0xa4 /opt/devkitpro/libctru/lib/libctru.a(synchronization.o)
                0x000000000010c400                LightEvent_Clear
 .text.LightEvent_Signal
                0x000000000010c4a4       0xc8 /opt/devkitpro/libctru/lib/libctru.a(synchronization.o)
                0x000000000010c4a4                LightEvent_Signal
 .text.LightEvent_TryWait
                0x000000000010c56c       0x50 /opt/devkitpro/libctru/lib/libctru.a(synchronization.o)
                0x000000000010c56c                LightEvent_TryWait
 .text.LightEvent_Wait
                0x000000000010c5bc       0xb0 /opt/devkitpro/libctru/lib/libctru.a(synchronization.o)
                0x000000000010c5bc                LightEvent_Wait
 .text.srvInit  0x000000000010c66c      0x130 /opt/devkitpro/libctru/lib/libctru.a(srv.o)
                0x000000000010c66c                srvInit
 .text.srvExit  0x000000000010c79c       0x58 /opt/devkitpro/libctru/lib/libctru.a(srv.o)
                0x000000000010c79c                srvExit
 .text.srvGetServiceHandleDirect
                0x000000000010c7f4       0xa0 /opt/devkitpro/libctru/lib/libctru.a(srv.o)
                0x000000000010c7f4                srvGetServiceHandleDirect
 .text.srvGetServiceHandle
                0x000000000010c894       0x38 /opt/devkitpro/libctru/lib/libctru.a(srv.o)
                0x000000000010c894                srvGetServiceHandle
 .text.srvPublishToSubscriber
                0x000000000010c8cc       0x38 /opt/devkitpro/libctru/lib/libctru.a(srv.o)
                0x000000000010c8cc                srvPublishToSubscriber
 .text.threadCreate
                0x000000000010c904      0x178 /opt/devkitpro/libctru/lib/libctru.a(thread.o)
                0x000000000010c904                threadCreate
 .text.threadFree
                0x000000000010ca7c       0x2c /opt/devkitpro/libctru/lib/libctru.a(thread.o)
                0x000000000010ca7c                threadFree
 .text.threadJoin
                0x000000000010caa8       0x24 /opt/devkitpro/libctru/lib/libctru.a(thread.o)
                0x000000000010caa8                threadJoin
 .text.threadGetCurrent
                0x000000000010cacc       0x30 /opt/devkitpro/libctru/lib/libctru.a(thread.o)
                0x000000000010cacc                threadGetCurrent
 .text.threadExit
                0x000000000010cafc       0x40 /opt/devkitpro/libctru/lib/libctru.a(thread.o)
                0x000000000010cafc                threadExit
 .text._thread_begin
                0x000000000010cb3c       0x20 /opt/devkitpro/libctru/lib/libctru.a(thread.o)
 .text.mappableFindAddressWithin
                0x000000000010cb5c       0xb4 /opt/devkitpro/libctru/lib/libctru.a(mappable.o)
 .text.mappableInit
                0x000000000010cc10       0x28 /opt/devkitpro/libctru/lib/libctru.a(mappable.o)
                0x000000000010cc10                mappableInit
 .text.mappableAlloc
                0x000000000010cc38       0x80 /opt/devkitpro/libctru/lib/libctru.a(mappable.o)
                0x000000000010cc38                mappableAlloc
 .text.mappableFree
                0x000000000010ccb8        0x4 /opt/devkitpro/libctru/lib/libctru.a(mappable.o)
                0x000000000010ccb8                mappableFree
 .text.irrstInit
                0x000000000010ccbc      0x164 /opt/devkitpro/libctru/lib/libctru.a(irrst.o)
                0x000000000010ccbc                irrstInit
 .text.irrstExit
                0x000000000010ce20       0xcc /opt/devkitpro/libctru/lib/libctru.a(irrst.o)
                0x000000000010ce20                irrstExit
 .text.irrstScanInput
                0x000000000010ceec       0xb4 /opt/devkitpro/libctru/lib/libctru.a(irrst.o)
                0x000000000010ceec                irrstScanInput
 .text.irrstKeysHeld
                0x000000000010cfa0       0x24 /opt/devkitpro/libctru/lib/libctru.a(irrst.o)
                0x000000000010cfa0                irrstKeysHeld
 .text.srvPmGetSessionHandle
                0x000000000010cfc4        0xc /opt/devkitpro/libctru/lib/libctru.a(srvpm.o)
                0x000000000010cfc4                srvPmGetSessionHandle
 .text.rbtree_node_next
                0x000000000010cfd0       0x5c /opt/devkitpro/libctru/lib/libctru.a(rbtree_iterator.o)
                0x000000000010cfd0                rbtree_node_next
 .text.__appInit
                0x000000000010d02c       0x30 /opt/devkitpro/libctru/lib/libctru.a(appInit.o)
                0x000000000010d02c                __appInit
 .text.__syscall_getreent
                0x000000000010d05c       0x30 /opt/devkitpro/libctru/lib/libctru.a(syscalls.o)
                0x000000000010d05c                __syscall_getreent
 .text.__syscall_lock_acquire
                0x000000000010d08c        0x4 /opt/devkitpro/libctru/lib/libctru.a(syscalls.o)
                0x000000000010d08c                __syscall_lock_acquire
 .text.__syscall_lock_release
                0x000000000010d090        0x4 /opt/devkitpro/libctru/lib/libctru.a(syscalls.o)
                0x000000000010d090                __syscall_lock_release
 .text.__syscall_lock_init_recursive
                0x000000000010d094        0x4 /opt/devkitpro/libctru/lib/libctru.a(syscalls.o)
                0x000000000010d094                __syscall_lock_init_recursive
 .text.__syscall_lock_acquire_recursive
                0x000000000010d098        0x4 /opt/devkitpro/libctru/lib/libctru.a(syscalls.o)
                0x000000000010d098                __syscall_lock_acquire_recursive
 .text.__syscall_lock_release_recursive
                0x000000000010d09c        0x4 /opt/devkitpro/libctru/lib/libctru.a(syscalls.o)
                0x000000000010d09c                __syscall_lock_release_recursive
 .text.__syscall_exit
                0x000000000010d0a0        0x4 /opt/devkitpro/libctru/lib/libctru.a(syscalls.o)
                0x000000000010d0a0                __syscall_exit
 .text.initThreadVars
                0x000000000010d0a4       0x50 /opt/devkitpro/libctru/lib/libctru.a(syscalls.o)
                0x000000000010d0a4                initThreadVars
 .text.__system_initSyscalls
                0x000000000010d0f4       0x68 /opt/devkitpro/libctru/lib/libctru.a(syscalls.o)
                0x000000000010d0f4                __system_initSyscalls
 .text.__appExit
                0x000000000010d15c       0x30 /opt/devkitpro/libctru/lib/libctru.a(appExit.o)
                0x000000000010d15c                __appExit
 .text.__libctru_exit
                0x000000000010d18c       0x90 /opt/devkitpro/libctru/lib/libctru.a(ctru_exit.o)
                0x000000000010d18c                __libctru_exit
 .text.envGetHandle
                0x000000000010d21c       0x84 /opt/devkitpro/libctru/lib/libctru.a(env.o)
                0x000000000010d21c                envGetHandle
 .text.envDestroyHandles
                0x000000000010d2a0       0x50 /opt/devkitpro/libctru/lib/libctru.a(env.o)
                0x000000000010d2a0                envDestroyHandles
 .text.archive_link
                0x000000000010d2f0       0x14 /opt/devkitpro/libctru/lib/libctru.a(archive_dev.o)
 .text.archive_dirreset
                0x000000000010d304       0x14 /opt/devkitpro/libctru/lib/libctru.a(archive_dev.o)
 .text.archive_chmod
                0x000000000010d318       0x14 /opt/devkitpro/libctru/lib/libctru.a(archive_dev.o)
 .text.error_cmp
                0x000000000010d32c       0x24 /opt/devkitpro/libctru/lib/libctru.a(archive_dev.o)
 .text.archive_translate_error
                0x000000000010d350       0x50 /opt/devkitpro/libctru/lib/libctru.a(archive_dev.o)
 .text.archive_seek
                0x000000000010d3a0       0xc8 /opt/devkitpro/libctru/lib/libctru.a(archive_dev.o)
 .text._archiveInit.part.0
                0x000000000010d468       0x7c /opt/devkitpro/libctru/lib/libctru.a(archive_dev.o)
 .text.archiveFindDevice.part.0
                0x000000000010d4e4       0xc4 /opt/devkitpro/libctru/lib/libctru.a(archive_dev.o)
 .text.archive_utf16path
                0x000000000010d5a8      0x25c /opt/devkitpro/libctru/lib/libctru.a(archive_dev.o)
 .text._archiveUnmountDeviceStruct.part.0
                0x000000000010d804       0xa0 /opt/devkitpro/libctru/lib/libctru.a(archive_dev.o)
 .text.archive_fchmod
                0x000000000010d8a4       0x14 /opt/devkitpro/libctru/lib/libctru.a(archive_dev.o)
 .text.archive_statvfs
                0x000000000010d8b8       0x14 /opt/devkitpro/libctru/lib/libctru.a(archive_dev.o)
 .text._archiveMountDevice
                0x000000000010d8cc      0x164 /opt/devkitpro/libctru/lib/libctru.a(archive_dev.o)
 .text.archive_diropen
                0x000000000010da30       0xe8 /opt/devkitpro/libctru/lib/libctru.a(archive_dev.o)
 .text.archive_fstat
                0x000000000010db18       0xa4 /opt/devkitpro/libctru/lib/libctru.a(archive_dev.o)
 .text.archive_close
                0x000000000010dbbc       0x6c /opt/devkitpro/libctru/lib/libctru.a(archive_dev.o)
 .text.archive_fsync
                0x000000000010dc28       0x6c /opt/devkitpro/libctru/lib/libctru.a(archive_dev.o)
 .text.archive_dirclose
                0x000000000010dc94       0x70 /opt/devkitpro/libctru/lib/libctru.a(archive_dev.o)
 .text.sdmc_statvfs
                0x000000000010dd04       0xe8 /opt/devkitpro/libctru/lib/libctru.a(archive_dev.o)
 .text.archive_chdir
                0x000000000010ddec       0xec /opt/devkitpro/libctru/lib/libctru.a(archive_dev.o)
 .text.archive_ftruncate
                0x000000000010ded8       0x7c /opt/devkitpro/libctru/lib/libctru.a(archive_dev.o)
 .text.archive_read
                0x000000000010df54       0xac /opt/devkitpro/libctru/lib/libctru.a(archive_dev.o)
 .text.archive_unlink
                0x000000000010e000       0xa4 /opt/devkitpro/libctru/lib/libctru.a(archive_dev.o)
 .text.archive_rmdir
                0x000000000010e0a4       0xbc /opt/devkitpro/libctru/lib/libctru.a(archive_dev.o)
 .text.archive_mkdir
                0x000000000010e160       0xdc /opt/devkitpro/libctru/lib/libctru.a(archive_dev.o)
 .text.archive_stat
                0x000000000010e23c      0x19c /opt/devkitpro/libctru/lib/libctru.a(archive_dev.o)
 .text.archive_dirnext
                0x000000000010e3d8      0x15c /opt/devkitpro/libctru/lib/libctru.a(archive_dev.o)
 .text.archive_write
                0x000000000010e534       0xec /opt/devkitpro/libctru/lib/libctru.a(archive_dev.o)
 .text.archive_open
                0x000000000010e620      0x1d4 /opt/devkitpro/libctru/lib/libctru.a(archive_dev.o)
 .text.archive_rename
                0x000000000010e7f4      0x278 /opt/devkitpro/libctru/lib/libctru.a(archive_dev.o)
 .text.archiveMountSdmc
                0x000000000010ea6c      0x19c /opt/devkitpro/libctru/lib/libctru.a(archive_dev.o)
                0x000000000010ea6c                archiveMountSdmc
 .text.archiveUnmountAll
                0x000000000010ec08       0x54 /opt/devkitpro/libctru/lib/libctru.a(archive_dev.o)
                0x000000000010ec08                archiveUnmountAll
 .text.fsInit   0x000000000010ec5c       0xcc /opt/devkitpro/libctru/lib/libctru.a(fs.o)
                0x000000000010ec5c                fsInit
 .text.fsExit   0x000000000010ed28       0x3c /opt/devkitpro/libctru/lib/libctru.a(fs.o)
                0x000000000010ed28                fsExit
 .text.fsExemptFromSession
                0x000000000010ed64       0x60 /opt/devkitpro/libctru/lib/libctru.a(fs.o)
                0x000000000010ed64                fsExemptFromSession
 .text.fsUnexemptFromSession
                0x000000000010edc4       0x50 /opt/devkitpro/libctru/lib/libctru.a(fs.o)
                0x000000000010edc4                fsUnexemptFromSession
 .text.FSUSER_OpenFile
                0x000000000010ee14       0xcc /opt/devkitpro/libctru/lib/libctru.a(fs.o)
                0x000000000010ee14                FSUSER_OpenFile
 .text.FSUSER_DeleteFile
                0x000000000010eee0       0xbc /opt/devkitpro/libctru/lib/libctru.a(fs.o)
                0x000000000010eee0                FSUSER_DeleteFile
 .text.FSUSER_RenameFile
                0x000000000010ef9c       0xf8 /opt/devkitpro/libctru/lib/libctru.a(fs.o)
                0x000000000010ef9c                FSUSER_RenameFile
 .text.FSUSER_DeleteDirectory
                0x000000000010f094       0xbc /opt/devkitpro/libctru/lib/libctru.a(fs.o)
                0x000000000010f094                FSUSER_DeleteDirectory
 .text.FSUSER_CreateFile
                0x000000000010f150       0xd4 /opt/devkitpro/libctru/lib/libctru.a(fs.o)
                0x000000000010f150                FSUSER_CreateFile
 .text.FSUSER_CreateDirectory
                0x000000000010f224       0xc4 /opt/devkitpro/libctru/lib/libctru.a(fs.o)
                0x000000000010f224                FSUSER_CreateDirectory
 .text.FSUSER_RenameDirectory
                0x000000000010f2e8       0xf8 /opt/devkitpro/libctru/lib/libctru.a(fs.o)
                0x000000000010f2e8                FSUSER_RenameDirectory
 .text.FSUSER_OpenDirectory
                0x000000000010f3e0       0xb4 /opt/devkitpro/libctru/lib/libctru.a(fs.o)
                0x000000000010f3e0                FSUSER_OpenDirectory
 .text.FSUSER_OpenArchive
                0x000000000010f494       0x98 /opt/devkitpro/libctru/lib/libctru.a(fs.o)
                0x000000000010f494                FSUSER_OpenArchive
 .text.FSUSER_CloseArchive
                0x000000000010f52c       0x8c /opt/devkitpro/libctru/lib/libctru.a(fs.o)
                0x000000000010f52c                FSUSER_CloseArchive
 .text.FSUSER_GetSdmcArchiveResource
                0x000000000010f5b8       0x74 /opt/devkitpro/libctru/lib/libctru.a(fs.o)
                0x000000000010f5b8                FSUSER_GetSdmcArchiveResource
 .text.FSUSER_IsSdmcWritable
                0x000000000010f62c       0x64 /opt/devkitpro/libctru/lib/libctru.a(fs.o)
                0x000000000010f62c                FSUSER_IsSdmcWritable
 .text.FSFILE_Read
                0x000000000010f690       0x58 /opt/devkitpro/libctru/lib/libctru.a(fs.o)
                0x000000000010f690                FSFILE_Read
 .text.FSFILE_Write
                0x000000000010f6e8       0x60 /opt/devkitpro/libctru/lib/libctru.a(fs.o)
                0x000000000010f6e8                FSFILE_Write
 .text.FSFILE_GetSize
                0x000000000010f748       0x3c /opt/devkitpro/libctru/lib/libctru.a(fs.o)
                0x000000000010f748                FSFILE_GetSize
 .text.FSFILE_SetSize
                0x000000000010f784       0x28 /opt/devkitpro/libctru/lib/libctru.a(fs.o)
                0x000000000010f784                FSFILE_SetSize
 .text.FSFILE_Close
                0x000000000010f7ac       0x3c /opt/devkitpro/libctru/lib/libctru.a(fs.o)
                0x000000000010f7ac                FSFILE_Close
 .text.FSFILE_Flush
                0x000000000010f7e8       0x24 /opt/devkitpro/libctru/lib/libctru.a(fs.o)
                0x000000000010f7e8                FSFILE_Flush
 .text.FSDIR_Read
                0x000000000010f80c       0x50 /opt/devkitpro/libctru/lib/libctru.a(fs.o)
                0x000000000010f80c                FSDIR_Read
 .text.FSDIR_Close
                0x000000000010f85c       0x3c /opt/devkitpro/libctru/lib/libctru.a(fs.o)
                0x000000000010f85c                FSDIR_Close
 .text.utf16_to_utf8
                0x000000000010f898       0xe8 /opt/devkitpro/libctru/lib/libctru.a(utf16_to_utf8.o)
                0x000000000010f898                utf16_to_utf8
 .text.decode_utf16
                0x000000000010f980       0x64 /opt/devkitpro/libctru/lib/libctru.a(decode_utf16.o)
                0x000000000010f980                decode_utf16
 .text.decode_utf8
                0x000000000010f9e4      0x13c /opt/devkitpro/libctru/lib/libctru.a(decode_utf8.o)
                0x000000000010f9e4                decode_utf8
 .text.utf8_to_utf16
                0x000000000010fb20       0xc0 /opt/devkitpro/libctru/lib/libctru.a(utf8_to_utf16.o)
                0x000000000010fb20                utf8_to_utf16
 .text.__aeabi_read_tp
                0x000000000010fbe0        0xc /opt/devkitpro/libctru/lib/libctru.a(readtp.o)
                0x000000000010fbe0                __aeabi_read_tp
 .text.encode_utf16
                0x000000000010fbec       0x54 /opt/devkitpro/libctru/lib/libctru.a(encode_utf16.o)
                0x000000000010fbec                encode_utf16
 .text.encode_utf8
                0x000000000010fc40       0xe0 /opt/devkitpro/libctru/lib/libctru.a(encode_utf8.o)
                0x000000000010fc40                encode_utf8
 .text.__udivmoddi4
                0x000000000010fd20      0x120 /opt/devkitpro/devkitARM/bin/../lib/gcc/arm-none-eabi/12.1.0/armv6k/fpu/libgcc.a(_udivmoddi4.o)
                0x000000000010fd20                __udivmoddi4
 .text.bsearch  0x000000000010fe40       0x78 /opt/devkitpro/devkitARM/bin/../lib/gcc/arm-none-eabi/12.1.0/../../../../arm-none-eabi/lib/armv6k/fpu/libg.a(lib_a-bsearch.o)
                0x000000000010fe40                bsearch
 .text.__errno  0x000000000010feb8        0xc /opt/devkitpro/devkitARM/bin/../lib/gcc/arm-none-eabi/12.1.0/../../../../arm-none-eabi/lib/armv6k/fpu/libg.a(lib_a-errno.o)
                0x000000000010feb8                __errno
 .text.exit     0x000000000010fec4       0x34 /opt/devkitpro/devkitARM/bin/../lib/gcc/arm-none-eabi/12.1.0/../../../../arm-none-eabi/lib/armv6k/fpu/libg.a(lib_a-exit.o)
                0x000000000010fec4                exit
 .text.__sflush_r
                0x000000000010fef8      0x234 /opt/devkitpro/devkitARM/bin/../lib/gcc/arm-none-eabi/12.1.0/../../../../arm-none-eabi/lib/armv6k/fpu/libg.a(lib_a-fflush.o)
                0x000000000010fef8                __sflush_r
 .text._fflush_r
                0x000000000011012c       0x94 /opt/devkitpro/devkitARM/bin/../lib/gcc/arm-none-eabi/12.1.0/../../../../arm-none-eabi/lib/armv6k/fpu/libg.a(lib_a-fflush.o)
                0x000000000011012c                _fflush_r
 .text._cleanup_r
                0x00000000001101c0        0xc /opt/devkitpro/devkitARM/bin/../lib/gcc/arm-none-eabi/12.1.0/../../../../arm-none-eabi/lib/armv6k/fpu/libg.a(lib_a-findfp.o)
                0x00000000001101c0                _cleanup_r
 .text.__sinit  0x00000000001101cc      0x184 /opt/devkitpro/devkitARM/bin/../lib/gcc/arm-none-eabi/12.1.0/../../../../arm-none-eabi/lib/armv6k/fpu/libg.a(lib_a-findfp.o)
                0x00000000001101cc                __sinit
 .text.__sfp_lock_acquire
                0x0000000000110350        0xc /opt/devkitpro/devkitARM/bin/../lib/gcc/arm-none-eabi/12.1.0/../../../../arm-none-eabi/lib/armv6k/fpu/libg.a(lib_a-findfp.o)
                0x0000000000110350                __sfp_lock_acquire
 .text.__sfp_lock_release
                0x000000000011035c        0xc /opt/devkitpro/devkitARM/bin/../lib/gcc/arm-none-eabi/12.1.0/../../../../arm-none-eabi/lib/armv6k/fpu/libg.a(lib_a-findfp.o)
                0x000000000011035c                __sfp_lock_release
 .text.__libc_fini_array
                0x0000000000110368       0x3c /opt/devkitpro/devkitARM/bin/../lib/gcc/arm-none-eabi/12.1.0/../../../../arm-none-eabi/lib/armv6k/fpu/libg.a(lib_a-fini.o)
                0x0000000000110368                __libc_fini_array
 .text._malloc_trim_r
                0x00000000001103a4       0xf8 /opt/devkitpro/devkitARM/bin/../lib/gcc/arm-none-eabi/12.1.0/../../../../arm-none-eabi/lib/armv6k/fpu/libg.a(lib_a-freer.o)
                0x00000000001103a4                _malloc_trim_r
 .text._free_r  0x000000000011049c      0x2e8 /opt/devkitpro/devkitARM/bin/../lib/gcc/arm-none-eabi/12.1.0/../../../../arm-none-eabi/lib/armv6k/fpu/libg.a(lib_a-freer.o)
                0x000000000011049c                _free_r
 .text._fwalk_reent
                0x0000000000110784       0x70 /opt/devkitpro/devkitARM/bin/../lib/gcc/arm-none-eabi/12.1.0/../../../../arm-none-eabi/lib/armv6k/fpu/libg.a(lib_a-fwalk.o)
                0x0000000000110784                _fwalk_reent
 .text.__libc_init_array
                0x00000000001107f4       0x84 /opt/devkitpro/devkitARM/bin/../lib/gcc/arm-none-eabi/12.1.0/../../../../arm-none-eabi/lib/armv6k/fpu/libg.a(lib_a-init.o)
                0x00000000001107f4                __libc_init_array
 .text.memalign
                0x0000000000110878       0x20 /opt/devkitpro/devkitARM/bin/../lib/gcc/arm-none-eabi/12.1.0/../../../../arm-none-eabi/lib/armv6k/fpu/libg.a(lib_a-malign.o)
                0x0000000000110878                memalign
 .text._memalign_r
                0x0000000000110898      0x14c /opt/devkitpro/devkitARM/bin/../lib/gcc/arm-none-eabi/12.1.0/../../../../arm-none-eabi/lib/armv6k/fpu/libg.a(lib_a-malignr.o)
                0x0000000000110898                _memalign_r
 .text.malloc   0x00000000001109e4       0x18 /opt/devkitpro/devkitARM/bin/../lib/gcc/arm-none-eabi/12.1.0/../../../../arm-none-eabi/lib/armv6k/fpu/libg.a(lib_a-malloc.o)
                0x00000000001109e4                malloc
 .text.free     0x00000000001109fc       0x18 /opt/devkitpro/devkitARM/bin/../lib/gcc/arm-none-eabi/12.1.0/../../../../arm-none-eabi/lib/armv6k/fpu/libg.a(lib_a-malloc.o)
                0x00000000001109fc                free
 .text._malloc_r
                0x0000000000110a14      0x7e4 /opt/devkitpro/devkitARM/bin/../lib/gcc/arm-none-eabi/12.1.0/../../../../arm-none-eabi/lib/armv6k/fpu/libg.a(lib_a-mallocr.o)
                0x0000000000110a14                _malloc_r
 .text.memchr   0x00000000001111f8       0xe4 /opt/devkitpro/devkitARM/bin/../lib/gcc/arm-none-eabi/12.1.0/../../../../arm-none-eabi/lib/armv6k/fpu/libg.a(lib_a-memchr-stub.o)
                0x00000000001111f8                memchr
 .text.memcpy   0x00000000001112dc      0x118 /opt/devkitpro/devkitARM/bin/../lib/gcc/arm-none-eabi/12.1.0/../../../../arm-none-eabi/lib/armv6k/fpu/libg.a(lib_a-memcpy-stub.o)
                0x00000000001112dc                memcpy
 .text.memset   0x00000000001113f4       0xf4 /opt/devkitpro/devkitARM/bin/../lib/gcc/arm-none-eabi/12.1.0/../../../../arm-none-eabi/lib/armv6k/fpu/libg.a(lib_a-memset.o)
                0x00000000001113f4                memset
 .text.__malloc_lock
                0x00000000001114e8        0xc /opt/devkitpro/devkitARM/bin/../lib/gcc/arm-none-eabi/12.1.0/../../../../arm-none-eabi/lib/armv6k/fpu/libg.a(lib_a-mlock.o)
                0x00000000001114e8                __malloc_lock
 .text.__malloc_unlock
                0x00000000001114f4        0xc /opt/devkitpro/devkitARM/bin/../lib/gcc/arm-none-eabi/12.1.0/../../../../arm-none-eabi/lib/armv6k/fpu/libg.a(lib_a-mlock.o)
                0x00000000001114f4                __malloc_unlock
 .text.printf   0x0000000000111500       0x34 /opt/devkitpro/devkitARM/bin/../lib/gcc/arm-none-eabi/12.1.0/../../../../arm-none-eabi/lib/armv6k/fpu/libg.a(lib_a-printf.o)
                0x0000000000111500                printf
 .text.setvbuf  0x0000000000111534      0x25c /opt/devkitpro/devkitARM/bin/../lib/gcc/arm-none-eabi/12.1.0/../../../../arm-none-eabi/lib/armv6k/fpu/libg.a(lib_a-setvbuf.o)
                0x0000000000111534                setvbuf
 .text.sprintf  0x0000000000111790       0x64 /opt/devkitpro/devkitARM/bin/../lib/gcc/arm-none-eabi/12.1.0/../../../../arm-none-eabi/lib/armv6k/fpu/libg.a(lib_a-sprintf.o)
                0x0000000000111790                sprintf
 .text.sscanf   0x00000000001117f4       0x74 /opt/devkitpro/devkitARM/bin/../lib/gcc/arm-none-eabi/12.1.0/../../../../arm-none-eabi/lib/armv6k/fpu/libg.a(lib_a-sscanf.o)
                0x00000000001117f4                sscanf
 .text.__sread  0x0000000000111868       0x44 /opt/devkitpro/devkitARM/bin/../lib/gcc/arm-none-eabi/12.1.0/../../../../arm-none-eabi/lib/armv6k/fpu/libg.a(lib_a-stdio.o)
                0x0000000000111868                __sread
 .text.__seofread
                0x00000000001118ac        0x8 /opt/devkitpro/devkitARM/bin/../lib/gcc/arm-none-eabi/12.1.0/../../../../arm-none-eabi/lib/armv6k/fpu/libg.a(lib_a-stdio.o)
                0x00000000001118ac                __seofread
 .text.__swrite
                0x00000000001118b4       0x68 /opt/devkitpro/devkitARM/bin/../lib/gcc/arm-none-eabi/12.1.0/../../../../arm-none-eabi/lib/armv6k/fpu/libg.a(lib_a-stdio.o)
                0x00000000001118b4                __swrite
 .text.__sseek  0x000000000011191c       0x44 /opt/devkitpro/devkitARM/bin/../lib/gcc/arm-none-eabi/12.1.0/../../../../arm-none-eabi/lib/armv6k/fpu/libg.a(lib_a-stdio.o)
                0x000000000011191c                __sseek
 .text.__sclose
                0x0000000000111960        0x8 /opt/devkitpro/devkitARM/bin/../lib/gcc/arm-none-eabi/12.1.0/../../../../arm-none-eabi/lib/armv6k/fpu/libg.a(lib_a-stdio.o)
                0x0000000000111960                __sclose
 .text.strlen   0x0000000000111968       0x5c /opt/devkitpro/devkitARM/bin/../lib/gcc/arm-none-eabi/12.1.0/../../../../arm-none-eabi/lib/armv6k/fpu/libg.a(lib_a-strlen-stub.o)
                0x0000000000111968                strlen
 .text.strncat  0x00000000001119c4       0xe4 /opt/devkitpro/devkitARM/bin/../lib/gcc/arm-none-eabi/12.1.0/../../../../arm-none-eabi/lib/armv6k/fpu/libg.a(lib_a-strncat.o)
                0x00000000001119c4                strncat
 .text.strncmp  0x0000000000111aa8       0xe4 /opt/devkitpro/devkitARM/bin/../lib/gcc/arm-none-eabi/12.1.0/../../../../arm-none-eabi/lib/armv6k/fpu/libg.a(lib_a-strncmp.o)
                0x0000000000111aa8                strncmp
 .text.strncpy  0x0000000000111b8c       0xc4 /opt/devkitpro/devkitARM/bin/../lib/gcc/arm-none-eabi/12.1.0/../../../../arm-none-eabi/lib/armv6k/fpu/libg.a(lib_a-strncpy.o)
                0x0000000000111b8c                strncpy
 .text.strnlen  0x0000000000111c50       0x48 /opt/devkitpro/devkitARM/bin/../lib/gcc/arm-none-eabi/12.1.0/../../../../arm-none-eabi/lib/armv6k/fpu/libg.a(lib_a-strnlen.o)
                0x0000000000111c50                strnlen
 .text._strtoul_l.constprop.0
                0x0000000000111c98      0x1c4 /opt/devkitpro/devkitARM/bin/../lib/gcc/arm-none-eabi/12.1.0/../../../../arm-none-eabi/lib/armv6k/fpu/libg.a(lib_a-strtoul.o)
 .text._strtoul_r
                0x0000000000111e5c        0x4 /opt/devkitpro/devkitARM/bin/../lib/gcc/arm-none-eabi/12.1.0/../../../../arm-none-eabi/lib/armv6k/fpu/libg.a(lib_a-strtoul.o)
                0x0000000000111e5c                _strtoul_r
 .text.strtoul  0x0000000000111e60       0x28 /opt/devkitpro/devkitARM/bin/../lib/gcc/arm-none-eabi/12.1.0/../../../../arm-none-eabi/lib/armv6k/fpu/libg.a(lib_a-strtoul.o)
                0x0000000000111e60                strtoul
 .text.get_arg  0x0000000000111e88      0x66c /opt/devkitpro/devkitARM/bin/../lib/gcc/arm-none-eabi/12.1.0/../../../../arm-none-eabi/lib/armv6k/fpu/libg.a(lib_a-svfprintf.o)
 *fill*         0x00000000001124f4        0x4 
 .text._svfprintf_r
                0x00000000001124f8     0x3334 /opt/devkitpro/devkitARM/bin/../lib/gcc/arm-none-eabi/12.1.0/../../../../arm-none-eabi/lib/armv6k/fpu/libg.a(lib_a-svfprintf.o)
                0x00000000001124f8                _svfprintf_r
 .text.get_arg  0x000000000011582c       0x50 /opt/devkitpro/devkitARM/bin/../lib/gcc/arm-none-eabi/12.1.0/../../../../arm-none-eabi/lib/armv6k/fpu/libg.a(lib_a-svfscanf.o)
 .text.__ssvfscanf_r
                0x000000000011587c     0x2c38 /opt/devkitpro/devkitARM/bin/../lib/gcc/arm-none-eabi/12.1.0/../../../../arm-none-eabi/lib/armv6k/fpu/libg.a(lib_a-svfscanf.o)
                0x000000000011587c                __ssvfscanf_r
 .text.get_arg  0x00000000001184b4      0x66c /opt/devkitpro/devkitARM/bin/../lib/gcc/arm-none-eabi/12.1.0/../../../../arm-none-eabi/lib/armv6k/fpu/libg.a(lib_a-vfprintf.o)
 .text._vfprintf_r
                0x0000000000118b20     0x339c /opt/devkitpro/devkitARM/bin/../lib/gcc/arm-none-eabi/12.1.0/../../../../arm-none-eabi/lib/armv6k/fpu/libg.a(lib_a-vfprintf.o)
                0x0000000000118b20                _vfprintf_r
 .text.__sbprintf
                0x000000000011bebc       0xd0 /opt/devkitpro/devkitARM/bin/../lib/gcc/arm-none-eabi/12.1.0/../../../../arm-none-eabi/lib/armv6k/fpu/libg.a(lib_a-vfprintf.o)
 .text._wcrtomb_r
                0x000000000011bf8c       0x54 /opt/devkitpro/devkitARM/bin/../lib/gcc/arm-none-eabi/12.1.0/../../../../arm-none-eabi/lib/armv6k/fpu/libg.a(lib_a-wcrtomb.o)
                0x000000000011bf8c                _wcrtomb_r
 .text._wcsrtombs_r
                0x000000000011bfe0       0x28 /opt/devkitpro/devkitARM/bin/../lib/gcc/arm-none-eabi/12.1.0/../../../../arm-none-eabi/lib/armv6k/fpu/libg.a(lib_a-wcsrtombs.o)
                0x000000000011bfe0                _wcsrtombs_r
 .text.__swsetup_r
                0x000000000011c008      0x13c /opt/devkitpro/devkitARM/bin/../lib/gcc/arm-none-eabi/12.1.0/../../../../arm-none-eabi/lib/armv6k/fpu/libg.a(lib_a-wsetup.o)
                0x000000000011c008                __swsetup_r
 .text.__call_exitprocs
                0x000000000011c144      0x114 /opt/devkitpro/devkitARM/bin/../lib/gcc/arm-none-eabi/12.1.0/../../../../arm-none-eabi/lib/armv6k/fpu/libg.a(lib_a-__call_atexit.o)
                0x000000000011c144                __call_exitprocs
 .text.quorem   0x000000000011c258      0x1b0 /opt/devkitpro/devkitARM/bin/../lib/gcc/arm-none-eabi/12.1.0/../../../../arm-none-eabi/lib/armv6k/fpu/libg.a(lib_a-dtoa.o)
 .text._dtoa_r  0x000000000011c408     0x11f8 /opt/devkitpro/devkitARM/bin/../lib/gcc/arm-none-eabi/12.1.0/../../../../arm-none-eabi/lib/armv6k/fpu/libg.a(lib_a-dtoa.o)
                0x000000000011c408                _dtoa_r
 .text._fclose_r
                0x000000000011d600      0x15c /opt/devkitpro/devkitARM/bin/../lib/gcc/arm-none-eabi/12.1.0/../../../../arm-none-eabi/lib/armv6k/fpu/libg.a(lib_a-fclose.o)
                0x000000000011d600                _fclose_r
 .text.iswspace
                0x000000000011d75c        0x8 /opt/devkitpro/devkitARM/bin/../lib/gcc/arm-none-eabi/12.1.0/../../../../arm-none-eabi/lib/armv6k/fpu/libg.a(lib_a-iswspace.o)
                0x000000000011d75c                iswspace
 .text._localeconv_r
                0x000000000011d764        0xc /opt/devkitpro/devkitARM/bin/../lib/gcc/arm-none-eabi/12.1.0/../../../../arm-none-eabi/lib/armv6k/fpu/libg.a(lib_a-localeconv.o)
                0x000000000011d764                _localeconv_r
 .text.__locale_mb_cur_max
                0x000000000011d770       0x10 /opt/devkitpro/devkitARM/bin/../lib/gcc/arm-none-eabi/12.1.0/../../../../arm-none-eabi/lib/armv6k/fpu/libg.a(lib_a-locale.o)
                0x000000000011d770                __locale_mb_cur_max
 .text.__smakebuf_r
                0x000000000011d780      0x138 /opt/devkitpro/devkitARM/bin/../lib/gcc/arm-none-eabi/12.1.0/../../../../arm-none-eabi/lib/armv6k/fpu/libg.a(lib_a-makebuf.o)
                0x000000000011d780                __smakebuf_r
 .text.__swhatbuf_r
                0x000000000011d8b8       0x8c /opt/devkitpro/devkitARM/bin/../lib/gcc/arm-none-eabi/12.1.0/../../../../arm-none-eabi/lib/armv6k/fpu/libg.a(lib_a-makebuf.o)
                0x000000000011d8b8                __swhatbuf_r
 .text._mbrtowc_r
                0x000000000011d944       0x68 /opt/devkitpro/devkitARM/bin/../lib/gcc/arm-none-eabi/12.1.0/../../../../arm-none-eabi/lib/armv6k/fpu/libg.a(lib_a-mbrtowc.o)
                0x000000000011d944                _mbrtowc_r
 .text.__utf8_mbtowc
                0x000000000011d9ac      0x2f8 /opt/devkitpro/devkitARM/bin/../lib/gcc/arm-none-eabi/12.1.0/../../../../arm-none-eabi/lib/armv6k/fpu/libg.a(lib_a-mbtowc_r.o)
                0x000000000011d9ac                __utf8_mbtowc
 .text._Balloc  0x000000000011dca4       0x88 /opt/devkitpro/devkitARM/bin/../lib/gcc/arm-none-eabi/12.1.0/../../../../arm-none-eabi/lib/armv6k/fpu/libg.a(lib_a-mprec.o)
                0x000000000011dca4                _Balloc
 .text._Bfree   0x000000000011dd2c       0x1c /opt/devkitpro/devkitARM/bin/../lib/gcc/arm-none-eabi/12.1.0/../../../../arm-none-eabi/lib/armv6k/fpu/libg.a(lib_a-mprec.o)
                0x000000000011dd2c                _Bfree
 .text.__multadd
                0x000000000011dd48       0xf4 /opt/devkitpro/devkitARM/bin/../lib/gcc/arm-none-eabi/12.1.0/../../../../arm-none-eabi/lib/armv6k/fpu/libg.a(lib_a-mprec.o)
                0x000000000011dd48                __multadd
 .text.__s2b    0x000000000011de3c      0x110 /opt/devkitpro/devkitARM/bin/../lib/gcc/arm-none-eabi/12.1.0/../../../../arm-none-eabi/lib/armv6k/fpu/libg.a(lib_a-mprec.o)
                0x000000000011de3c                __s2b
 .text.__hi0bits
                0x000000000011df4c       0x60 /opt/devkitpro/devkitARM/bin/../lib/gcc/arm-none-eabi/12.1.0/../../../../arm-none-eabi/lib/armv6k/fpu/libg.a(lib_a-mprec.o)
                0x000000000011df4c                __hi0bits
 .text.__lo0bits
                0x000000000011dfac       0x9c /opt/devkitpro/devkitARM/bin/../lib/gcc/arm-none-eabi/12.1.0/../../../../arm-none-eabi/lib/armv6k/fpu/libg.a(lib_a-mprec.o)
                0x000000000011dfac                __lo0bits
 .text.__i2b    0x000000000011e048       0xa8 /opt/devkitpro/devkitARM/bin/../lib/gcc/arm-none-eabi/12.1.0/../../../../arm-none-eabi/lib/armv6k/fpu/libg.a(lib_a-mprec.o)
                0x000000000011e048                __i2b
 .text.__multiply
                0x000000000011e0f0      0x204 /opt/devkitpro/devkitARM/bin/../lib/gcc/arm-none-eabi/12.1.0/../../../../arm-none-eabi/lib/armv6k/fpu/libg.a(lib_a-mprec.o)
                0x000000000011e0f0                __multiply
 .text.__pow5mult
                0x000000000011e2f4      0x124 /opt/devkitpro/devkitARM/bin/../lib/gcc/arm-none-eabi/12.1.0/../../../../arm-none-eabi/lib/armv6k/fpu/libg.a(lib_a-mprec.o)
                0x000000000011e2f4                __pow5mult
 .text.__lshift
                0x000000000011e418      0x140 /opt/devkitpro/devkitARM/bin/../lib/gcc/arm-none-eabi/12.1.0/../../../../arm-none-eabi/lib/armv6k/fpu/libg.a(lib_a-mprec.o)
                0x000000000011e418                __lshift
 .text.__mcmp   0x000000000011e558       0x58 /opt/devkitpro/devkitARM/bin/../lib/gcc/arm-none-eabi/12.1.0/../../../../arm-none-eabi/lib/armv6k/fpu/libg.a(lib_a-mprec.o)
                0x000000000011e558                __mcmp
 .text.__mdiff  0x000000000011e5b0      0x1ec /opt/devkitpro/devkitARM/bin/../lib/gcc/arm-none-eabi/12.1.0/../../../../arm-none-eabi/lib/armv6k/fpu/libg.a(lib_a-mprec.o)
                0x000000000011e5b0                __mdiff
 .text.__ulp    0x000000000011e79c       0x68 /opt/devkitpro/devkitARM/bin/../lib/gcc/arm-none-eabi/12.1.0/../../../../arm-none-eabi/lib/armv6k/fpu/libg.a(lib_a-mprec.o)
                0x000000000011e79c                __ulp
 .text.__b2d    0x000000000011e804       0xd0 /opt/devkitpro/devkitARM/bin/../lib/gcc/arm-none-eabi/12.1.0/../../../../arm-none-eabi/lib/armv6k/fpu/libg.a(lib_a-mprec.o)
                0x000000000011e804                __b2d
 .text.__d2b    0x000000000011e8d4      0x120 /opt/devkitpro/devkitARM/bin/../lib/gcc/arm-none-eabi/12.1.0/../../../../arm-none-eabi/lib/armv6k/fpu/libg.a(lib_a-mprec.o)
                0x000000000011e8d4                __d2b
 .text.__ratio  0x000000000011e9f4       0x78 /opt/devkitpro/devkitARM/bin/../lib/gcc/arm-none-eabi/12.1.0/../../../../arm-none-eabi/lib/armv6k/fpu/libg.a(lib_a-mprec.o)
                0x000000000011e9f4                __ratio
 .text.__copybits
                0x000000000011ea6c       0x88 /opt/devkitpro/devkitARM/bin/../lib/gcc/arm-none-eabi/12.1.0/../../../../arm-none-eabi/lib/armv6k/fpu/libg.a(lib_a-mprec.o)
                0x000000000011ea6c                __copybits
 .text.__any_on
                0x000000000011eaf4       0x5c /opt/devkitpro/devkitARM/bin/../lib/gcc/arm-none-eabi/12.1.0/../../../../arm-none-eabi/lib/armv6k/fpu/libg.a(lib_a-mprec.o)
                0x000000000011eaf4                __any_on
 .text.realloc  0x000000000011eb50       0x20 /opt/devkitpro/devkitARM/bin/../lib/gcc/arm-none-eabi/12.1.0/../../../../arm-none-eabi/lib/armv6k/fpu/libg.a(lib_a-realloc.o)
                0x000000000011eb50                realloc
 .text._realloc_r
                0x000000000011eb70      0x4a0 /opt/devkitpro/devkitARM/bin/../lib/gcc/arm-none-eabi/12.1.0/../../../../arm-none-eabi/lib/armv6k/fpu/libg.a(lib_a-reallocr.o)
                0x000000000011eb70                _realloc_r
 .text.__sccl   0x000000000011f010       0xf4 /opt/devkitpro/devkitARM/bin/../lib/gcc/arm-none-eabi/12.1.0/../../../../arm-none-eabi/lib/armv6k/fpu/libg.a(lib_a-sccl.o)
                0x000000000011f010                __sccl
 .text.nanf     0x000000000011f104        0xc /opt/devkitpro/devkitARM/bin/../lib/gcc/arm-none-eabi/12.1.0/../../../../arm-none-eabi/lib/armv6k/fpu/libg.a(lib_a-sf_nan.o)
                0x000000000011f104                nanf
 .text.frexp    0x000000000011f110       0x88 /opt/devkitpro/devkitARM/bin/../lib/gcc/arm-none-eabi/12.1.0/../../../../arm-none-eabi/lib/armv6k/fpu/libg.a(lib_a-s_frexp.o)
                0x000000000011f110                frexp
 .text.stpncpy  0x000000000011f198       0xcc /opt/devkitpro/devkitARM/bin/../lib/gcc/arm-none-eabi/12.1.0/../../../../arm-none-eabi/lib/armv6k/fpu/libg.a(lib_a-stpncpy.o)
                0x000000000011f198                stpncpy
 .text.strchr   0x000000000011f264      0x130 /opt/devkitpro/devkitARM/bin/../lib/gcc/arm-none-eabi/12.1.0/../../../../arm-none-eabi/lib/armv6k/fpu/libg.a(lib_a-strchr.o)
                0x000000000011f264                strchr
 .text.sulp     0x000000000011f394       0x64 /opt/devkitpro/devkitARM/bin/../lib/gcc/arm-none-eabi/12.1.0/../../../../arm-none-eabi/lib/armv6k/fpu/libg.a(lib_a-strtod.o)
 .text._strtod_l
                0x000000000011f3f8     0x13a8 /opt/devkitpro/devkitARM/bin/../lib/gcc/arm-none-eabi/12.1.0/../../../../arm-none-eabi/lib/armv6k/fpu/libg.a(lib_a-strtod.o)
                0x000000000011f3f8                _strtod_l
 .text._strtod_r
                0x00000000001207a0        0xc /opt/devkitpro/devkitARM/bin/../lib/gcc/arm-none-eabi/12.1.0/../../../../arm-none-eabi/lib/armv6k/fpu/libg.a(lib_a-strtod.o)
                0x00000000001207a0                _strtod_r
 .text._strtoll_l.constprop.0
                0x00000000001207ac      0x22c /opt/devkitpro/devkitARM/bin/../lib/gcc/arm-none-eabi/12.1.0/../../../../arm-none-eabi/lib/armv6k/fpu/libg.a(lib_a-strtoll.o)
 .text._strtoll_r
                0x00000000001209d8        0x4 /opt/devkitpro/devkitARM/bin/../lib/gcc/arm-none-eabi/12.1.0/../../../../arm-none-eabi/lib/armv6k/fpu/libg.a(lib_a-strtoll.o)
                0x00000000001209d8                _strtoll_r
 .text._strtol_l.part.0
                0x00000000001209dc      0x1a4 /opt/devkitpro/devkitARM/bin/../lib/gcc/arm-none-eabi/12.1.0/../../../../arm-none-eabi/lib/armv6k/fpu/libg.a(lib_a-strtol.o)
 .text._strtol_r
                0x0000000000120b80       0x3c /opt/devkitpro/devkitARM/bin/../lib/gcc/arm-none-eabi/12.1.0/../../../../arm-none-eabi/lib/armv6k/fpu/libg.a(lib_a-strtol.o)
                0x0000000000120b80                _strtol_r
 .text._strtoull_l.constprop.0
                0x0000000000120bbc      0x244 /opt/devkitpro/devkitARM/bin/../lib/gcc/arm-none-eabi/12.1.0/../../../../arm-none-eabi/lib/armv6k/fpu/libg.a(lib_a-strtoull.o)
 .text._strtoull_r
                0x0000000000120e00        0x4 /opt/devkitpro/devkitARM/bin/../lib/gcc/arm-none-eabi/12.1.0/../../../../arm-none-eabi/lib/armv6k/fpu/libg.a(lib_a-strtoull.o)
                0x0000000000120e00                _strtoull_r
 .text.__ssprint_r
                0x0000000000120e04      0x188 /opt/devkitpro/devkitARM/bin/../lib/gcc/arm-none-eabi/12.1.0/../../../../arm-none-eabi/lib/armv6k/fpu/libg.a(lib_a-svfiprintf.o)
                0x0000000000120e04                __ssprint_r
 .text._sungetc_r
                0x0000000000120f8c       0xd4 /opt/devkitpro/devkitARM/bin/../lib/gcc/arm-none-eabi/12.1.0/../../../../arm-none-eabi/lib/armv6k/fpu/libg.a(lib_a-svfiscanf.o)
                0x0000000000120f8c                _sungetc_r
 .text.__ssrefill_r
                0x0000000000121060       0x6c /opt/devkitpro/devkitARM/bin/../lib/gcc/arm-none-eabi/12.1.0/../../../../arm-none-eabi/lib/armv6k/fpu/libg.a(lib_a-svfiscanf.o)
                0x0000000000121060                __ssrefill_r
 .text._sfread_r
                0x00000000001210cc       0xc4 /opt/devkitpro/devkitARM/bin/../lib/gcc/arm-none-eabi/12.1.0/../../../../arm-none-eabi/lib/armv6k/fpu/libg.a(lib_a-svfiscanf.o)
                0x00000000001210cc                _sfread_r
 .text.__submore
                0x0000000000121190       0xa8 /opt/devkitpro/devkitARM/bin/../lib/gcc/arm-none-eabi/12.1.0/../../../../arm-none-eabi/lib/armv6k/fpu/libg.a(lib_a-ungetc.o)
                0x0000000000121190                __submore
 .text.get_arg  0x0000000000121238      0x66c /opt/devkitpro/devkitARM/bin/../lib/gcc/arm-none-eabi/12.1.0/../../../../arm-none-eabi/lib/armv6k/fpu/libg.a(lib_a-vfiprintf.o)
 .text.__sprint_r
                0x00000000001218a4       0x30 /opt/devkitpro/devkitARM/bin/../lib/gcc/arm-none-eabi/12.1.0/../../../../arm-none-eabi/lib/armv6k/fpu/libg.a(lib_a-vfiprintf.o)
                0x00000000001218a4                __sprint_r
 .text._vfiprintf_r
                0x00000000001218d4     0x22ec /opt/devkitpro/devkitARM/bin/../lib/gcc/arm-none-eabi/12.1.0/../../../../arm-none-eabi/lib/armv6k/fpu/libg.a(lib_a-vfiprintf.o)
                0x00000000001218d4                _vfiprintf_r
 .text.__sbprintf
                0x0000000000123bc0       0xd0 /opt/devkitpro/devkitARM/bin/../lib/gcc/arm-none-eabi/12.1.0/../../../../arm-none-eabi/lib/armv6k/fpu/libg.a(lib_a-vfiprintf.o)
 .text._wcsnrtombs_l
                0x0000000000123c90      0x188 /opt/devkitpro/devkitARM/bin/../lib/gcc/arm-none-eabi/12.1.0/../../../../arm-none-eabi/lib/armv6k/fpu/libg.a(lib_a-wcsnrtombs.o)
                0x0000000000123c90                _wcsnrtombs_l
 .text._wcsnrtombs_r
                0x0000000000123e18       0x4c /opt/devkitpro/devkitARM/bin/../lib/gcc/arm-none-eabi/12.1.0/../../../../arm-none-eabi/lib/armv6k/fpu/libg.a(lib_a-wcsnrtombs.o)
                0x0000000000123e18                _wcsnrtombs_r
 .text.__utf8_wctomb
                0x0000000000123e64       0xf0 /opt/devkitpro/devkitARM/bin/../lib/gcc/arm-none-eabi/12.1.0/../../../../arm-none-eabi/lib/armv6k/fpu/libg.a(lib_a-wctomb_r.o)
                0x0000000000123e64                __utf8_wctomb
 .text.__assert_func
                0x0000000000123f54       0x5c /opt/devkitpro/devkitARM/bin/../lib/gcc/arm-none-eabi/12.1.0/../../../../arm-none-eabi/lib/armv6k/fpu/libg.a(lib_a-assert.o)
                0x0000000000123f54                __assert_func
 .text._calloc_r